
Allocating common symbols
Common symbol       size              file

NDCacheEntry        0x1c              binaries/ascdate.o
netbufpool          0x4               binaries/net.o
readylist           0x2               binaries/ready.o
allrIPmulti         0x10              binaries/ipv6.o
rfltab              0x5a0             binaries/rflinit.o
netportseed         0x8               binaries/net.o
sleepq              0x2               binaries/clkinit.o
prefix_ipv6         0x11              binaries/ascdate.o
natEntry            0x26              binaries/ascdate.o
prefix_default      0x40              binaries/radvert.o
host                0x1               binaries/net.o
nnames              0x4               binaries/naminit.o
udptab              0x168             binaries/udp.o
minheap             0x4               binaries/meminit.o
marks               0x50              binaries/mark.o
currpid             0x4               binaries/initialize.o
option_prefix_default
                    0x20              binaries/radvert.o
natTab              0x474             binaries/nat.o
Lf_data             0x20c             binaries/lfsinit.o
porttab             0x2d0             binaries/ptinit.o
girmask             0x2               binaries/evec.o
ttytab              0x110             binaries/ttyinit.o
allrMACmulti        0x6               binaries/ipv6.o
proctab             0x15e0            binaries/initialize.o
prcount             0x4               binaries/initialize.o
router_link_addr    0x6               binaries/radvert.o
reassembly_table    0x840             binaries/ipv6.o
int_actions         0x140             binaries/evec.o
router_ip_addr      0x10              binaries/radvert.o
lfltab              0xf00             binaries/lflinit.o
fwdTab              0x438             binaries/fwdipv6.o
reassembly_entry    0x84              binaries/ascdate.o
rdstab              0x8c              binaries/rdsinit.o
link_local          0x10              binaries/ipv6.o
ethertab            0x13c             binaries/ethinit.o
defaultRouterEntry  0x24              binaries/fwdipv6.o
snm_addr            0x10              binaries/ipv6.o
nmarks              0x4               binaries/mark.o
if_tab              0x1b0             binaries/net.o
ipv6bufpool         0x4               binaries/ipv6.o
Defer               0x8               binaries/resched.o
semtab              0x4b0             binaries/initialize.o
maxheap             0x4               binaries/meminit.o
preempt             0x4               binaries/clkinit.o
buftab              0xf0              binaries/bufinit.o
Rf_data             0x18              binaries/rfsinit.o
ifprime             0x4               binaries/net.o
fwdTabEntry         0x24              binaries/ascdate.o
prefix_ipv6_default
                    0x11              binaries/radvert.o
fwdTabPTR           0x78              binaries/fwdipv6.o
datagram_buf_pool   0x4               binaries/ipv6.o
NDCache             0x78              binaries/ndcache.o
mkmutex             0x4               binaries/mark.o
allnIPmulti         0x10              binaries/ipv6.o
hasIPv6Addr         0x1               binaries/ipv6.o
MTU                 0x4               binaries/radvert.o
clktime             0x4               binaries/clkinit.o
mac_snm             0x6               binaries/ipv6.o
nbpools             0x4               binaries/bufinit.o
queuetab            0x980             binaries/queue.o
allnMACmulti        0x6               binaries/ipv6.o
option_prefix_oth2  0x20              binaries/radvert.o
ptnextid            0x4               binaries/ptinit.o
Ram                 0x19000           binaries/raminit.o
frag_desc           0x14              binaries/ascdate.o
radvert_from_router
                    0x10              binaries/radvert.o
ipv6_addr           0x10              binaries/ipv6.o
NATIDCOUNTER        0x2               binaries/nat.o
memlist             0x8               binaries/initialize.o
nametab             0x19a0            binaries/naminit.o
ptfree              0x4               binaries/ptinit.o
option_prefix_oth1  0x20              binaries/radvert.o

Memory Configuration

Name             Origin             Length             Attributes
*default*        0x0000000000000000 0xffffffffffffffff

Linker script and memory map

                0x0000000000100000                physbase = 0x100000
                0x0000000000100000                . = physbase
                0x0000000000100000                . = ALIGN (0x1000)

.text           0x0000000000100000    0x1a000
                0x0000000000100000                text = ABSOLUTE (.)
 *(.text .text.*)
 .text          0x0000000000100000      0x1b4 binaries/start.o
                0x0000000000100024                start
                0x00000000001000f6                inb
                0x00000000001000fe                inw
                0x0000000000100107                inl
                0x000000000010010f                outb
                0x0000000000100119                outw
                0x0000000000100124                outl
                0x000000000010012e                _rtcin
                0x0000000000100139                ___udivsi3
                0x0000000000100144                ___divsi3
                0x0000000000100150                sbzero
                0x0000000000100160                insw
                0x0000000000100176                outsw
                0x000000000010018c                bcopy
                0x00000000001001a0                lidt
                0x00000000001001a8                cpuid
 .text          0x00000000001001b4      0x3e4 binaries/ascdate.o
                0x00000000001001b4                ascdate
 .text          0x0000000000100598       0x14 binaries/bufinit.o
                0x0000000000100598                bufinit
 .text          0x00000000001005ac       0x94 binaries/chprio.o
                0x00000000001005ac                chprio
 .text          0x0000000000100640       0xc0 binaries/clkhandler.o
                0x0000000000100640                clkhandler
 .text          0x0000000000100700       0xe2 binaries/clkinit.o
                0x0000000000100700                clkinit
 .text          0x00000000001007e2       0x75 binaries/close.o
                0x00000000001007e2                close
 .text          0x0000000000100857        0x0 binaries/conf.o
 .text          0x0000000000100857       0x7b binaries/control.o
                0x0000000000100857                control
 .text          0x00000000001008d2      0x2c0 binaries/create.o
                0x00000000001008d2                create
 .text          0x0000000000100b92      0x29e binaries/early_imr.o
                0x0000000000100b92                intel_cln_early_sb_read_reg
                0x0000000000100c12                intel_cln_early_sb_write_reg
                0x0000000000100da5                remove_irm_protections
 .text          0x0000000000100e30      0x5e1 binaries/evec.o
                0x0000000000100e30                initevec
                0x0000000000100f82                set_evec
                0x0000000000100fef                set_ivec
                0x000000000010108e                ioapic_irq2vec
                0x00000000001010cf                int_dispatch
                0x000000000010116d                _8259_setirmask
                0x00000000001011c7                trap
 .text          0x0000000000101411       0x1a binaries/exit.o
                0x0000000000101411                exit
 .text          0x000000000010142b       0x8c binaries/freebuf.o
                0x000000000010142b                freebuf
 .text          0x00000000001014b7      0x172 binaries/freemem.o
                0x00000000001014b7                freemem
 .text          0x0000000000101629       0x8a binaries/getbuf.o
                0x0000000000101629                getbuf
 .text          0x00000000001016b3       0x75 binaries/getc.o
                0x00000000001016b3                getc
 .text          0x0000000000101728       0x73 binaries/getdev.o
                0x0000000000101728                getdev
 .text          0x000000000010179b       0xd0 binaries/getitem.o
                0x000000000010179b                getfirst
                0x00000000001017e0                getlast
                0x0000000000101827                getitem
 .text          0x000000000010186b      0x10a binaries/getmem.o
                0x000000000010186b                getmem
 .text          0x0000000000101975        0xa binaries/getpid.o
                0x0000000000101975                getpid
 .text          0x000000000010197f       0x7c binaries/getprio.o
                0x000000000010197f                getprio
 .text          0x00000000001019fb       0xfb binaries/getstk.o
                0x00000000001019fb                getstk
 .text          0x0000000000101af6       0x16 binaries/getticks.o
                0x0000000000101af6                getticks
 .text          0x0000000000101b0c       0x3a binaries/gettime.o
                0x0000000000101b0c                gettime
 .text          0x0000000000101b46        0xa binaries/getutime.o
                0x0000000000101b46                getutime
 .text          0x0000000000101b50       0x75 binaries/init.o
                0x0000000000101b50                init
 .text          0x0000000000101bc5      0x342 binaries/initialize.o
                0x0000000000101bc5                nulluser
                0x0000000000101eae                stop
                0x0000000000101ed9                delay
 .text          0x0000000000101f07       0xde binaries/insert.o
                0x0000000000101f07                insert
 .text          0x0000000000101fe5      0x110 binaries/insertd.o
                0x0000000000101fe5                insertd
 .text          0x00000000001020f5        0xa binaries/ioerr.o
                0x00000000001020f5                ioerr
 .text          0x00000000001020ff        0xa binaries/ionull.o
                0x00000000001020ff                ionull
 .text          0x0000000000102109      0x19b binaries/kill.o
                0x0000000000102109                kill
 .text          0x00000000001022a4      0x138 binaries/kprintf.o
                0x00000000001022a4                kputc
                0x000000000010232f                kgetc
                0x00000000001023b2                kprintf
 .text          0x00000000001023dc       0x6e binaries/main.o
                0x00000000001023dc                main
 .text          0x000000000010244a       0xb6 binaries/mark.o
                0x000000000010244a                markinit
                0x000000000010246f                mark
 .text          0x0000000000102500      0x2ce binaries/meminit.o
                0x0000000000102500                meminit
                0x0000000000102727                setsegs
 .text          0x00000000001027ce      0x174 binaries/mkbufpool.o
                0x00000000001027ce                mkbufpool
 .text          0x0000000000102942       0x94 binaries/newqueue.o
                0x0000000000102942                newqueue
 .text          0x00000000001029d6       0x7b binaries/open.o
                0x00000000001029d6                open
 .text          0x0000000000102a51       0x20 binaries/panic.o
                0x0000000000102a51                panic
 .text          0x0000000000102a71      0x56c binaries/pci.o
                0x0000000000102a71                pci_init
                0x0000000000102afb                find_pci_device
                0x0000000000102be2                pci_read_config_byte
                0x0000000000102c40                pci_read_config_word
                0x0000000000102ca0                pci_read_config_dword
                0x0000000000102cfe                pci_write_config_byte
                0x0000000000102d60                pci_write_config_word
                0x0000000000102dc4                pci_write_config_dword
                0x0000000000102e20                pci_get_dev_mmio_base_addr
                0x0000000000102e8c                pci_set_ivec
 .text          0x0000000000102fdd       0xca binaries/platinit.o
                0x0000000000102fdd                cpu_is_quark
                0x0000000000102ffa                console_init
                0x0000000000103043                platinit
 .text          0x00000000001030a7       0xf1 binaries/ptclear.o
                0x00000000001030a7                _ptclear
 .text          0x0000000000103198       0x9d binaries/ptcount.o
                0x0000000000103198                ptcount
 .text          0x0000000000103235      0x116 binaries/ptcreate.o
                0x0000000000103235                ptcreate
 .text          0x000000000010334b       0x7f binaries/ptdelete.o
                0x000000000010334b                ptdelete
 .text          0x00000000001033ca       0xbd binaries/ptinit.o
                0x00000000001033ca                ptinit
 .text          0x0000000000103487      0x11b binaries/ptrecv.o
                0x0000000000103487                ptrecv
 .text          0x00000000001035a2       0x77 binaries/ptreset.o
                0x00000000001035a2                ptreset
 .text          0x0000000000103619      0x13d binaries/ptsend.o
                0x0000000000103619                ptsend
 .text          0x0000000000103756       0x80 binaries/putc.o
                0x0000000000103756                putc
 .text          0x00000000001037d6       0xcc binaries/quark_irq.o
                0x00000000001037d6                quark_irq_routing
 .text          0x00000000001038a2      0x1e9 binaries/quark_pdat.o
                0x00000000001038a2                get_quark_pdat_entry_data_by_id
                0x0000000000103991                get_quark_pdat_entry_data_by_desc
 .text          0x0000000000103a8b      0x111 binaries/queue.o
                0x0000000000103a8b                enqueue
                0x0000000000103b2f                dequeue
 .text          0x0000000000103b9c       0x7b binaries/read.o
                0x0000000000103b9c                read
 .text          0x0000000000103c17       0x7e binaries/ready.o
                0x0000000000103c17                ready
 .text          0x0000000000103c95       0x62 binaries/receive.o
                0x0000000000103c95                receive
 .text          0x0000000000103cf7       0x5e binaries/recvclr.o
                0x0000000000103cf7                recvclr
 .text          0x0000000000103d55       0xbd binaries/recvtime.o
                0x0000000000103d55                recvtime
 .text          0x0000000000103e12      0x16e binaries/resched.o
                0x0000000000103e12                resched
                0x0000000000103f0b                resched_cntl
 .text          0x0000000000103f80       0xb1 binaries/resume.o
                0x0000000000103f80                resume
 .text          0x0000000000104031       0x79 binaries/seek.o
                0x0000000000104031                seek
 .text          0x00000000001040aa       0x6f binaries/semcount.o
                0x00000000001040aa                semcount
 .text          0x0000000000104119       0xd5 binaries/semcreate.o
                0x0000000000104119                semcreate
 .text          0x00000000001041ee       0xcd binaries/semdelete.o
                0x00000000001041ee                semdelete
 .text          0x00000000001042bb       0xcb binaries/semreset.o
                0x00000000001042bb                semreset
 .text          0x0000000000104386       0xed binaries/send.o
                0x0000000000104386                send
 .text          0x0000000000104473       0xa8 binaries/signal.o
                0x0000000000104473                signal
 .text          0x000000000010451b       0xd6 binaries/signaln.o
                0x000000000010451b                signaln
 .text          0x00000000001045f1       0xed binaries/sleep.o
                0x00000000001045f1                sleep
                0x000000000010463f                sleepms
 .text          0x00000000001046de      0x191 binaries/stacktrace.o
                0x00000000001046de                stacktrace
 .text          0x000000000010486f       0xe7 binaries/suspend.o
                0x000000000010486f                suspend
 .text          0x0000000000104956       0xe9 binaries/unsleep.o
                0x0000000000104956                unsleep
 .text          0x0000000000104a3f       0x1a binaries/userret.o
                0x0000000000104a3f                userret
 .text          0x0000000000104a59       0xdd binaries/wait.o
                0x0000000000104a59                wait
 .text          0x0000000000104b36       0x72 binaries/wakeup.o
                0x0000000000104b36                wakeup
 .text          0x0000000000104ba8       0x7b binaries/write.o
                0x0000000000104ba8                write
 .text          0x0000000000104c23       0x1e binaries/xdone.o
                0x0000000000104c23                xdone
 .text          0x0000000000104c41       0x28 binaries/yield.o
                0x0000000000104c41                yield
 .text          0x0000000000104c69       0x11 binaries/abs.o
                0x0000000000104c69                abs
 .text          0x0000000000104c7a       0x8f binaries/atoi.o
                0x0000000000104c7a                atoi
 .text          0x0000000000104d09       0x8f binaries/atol.o
                0x0000000000104d09                atol
 .text          0x0000000000104d98       0x32 binaries/bzero.o
                0x0000000000104d98                bzero
 .text          0x0000000000104dca      0x13d binaries/char2Hex.o
                0x0000000000104dca                charToHex
 .text          0x0000000000104f07        0x0 binaries/ctype_.o
 .text          0x0000000000104f07      0x8ed binaries/doprnt.o
                0x0000000000104f07                _doprnt
 .text          0x00000000001057f4      0x66b binaries/doscan.o
                0x00000000001057f4                _doscan
 .text          0x0000000000105e5f      0x716 binaries/fdoprnt.o
                0x0000000000105e5f                _fdoprnt
 .text          0x0000000000106575       0x29 binaries/fgetc.o
                0x0000000000106575                fgetc
 .text          0x000000000010659e       0x75 binaries/fgets.o
                0x000000000010659e                fgets
 .text          0x0000000000106613       0x2a binaries/fprintf.o
                0x0000000000106613                fprintf
 .text          0x000000000010663d       0x2c binaries/fputc.o
                0x000000000010663d                fputc
 .text          0x0000000000106669       0x43 binaries/fputs.o
                0x0000000000106669                fputs
 .text          0x00000000001066ac       0x8a binaries/fscanf.o
                0x00000000001066ac                fscanf
 .text          0x0000000000106736       0x30 binaries/getchar.o
                0x0000000000106736                getchar
 .text          0x0000000000106766       0x11 binaries/labs.o
                0x0000000000106766                labs
 .text          0x0000000000106777        0x0 binaries/memchr.o
 .text          0x0000000000106777       0x51 binaries/memcmp.o
                0x0000000000106777                memcmp
 .text          0x00000000001067c8       0x3f binaries/memcpy.o
                0x00000000001067c8                memcpy
 .text          0x0000000000106807       0x30 binaries/memset.o
                0x0000000000106807                memset
 .text          0x0000000000106837       0x46 binaries/printf.o
                0x0000000000106837                printf
 .text          0x000000000010687d       0x33 binaries/putchar.o
                0x000000000010687d                putchar
 .text          0x00000000001068b0      0x281 binaries/qsort.o
                0x00000000001068b0                qsort
 .text          0x0000000000106b31       0x64 binaries/rand.o
                0x0000000000106b31                rand
                0x0000000000106b49                rand_r
                0x0000000000106b87                srand
 .text          0x0000000000106b95       0x66 binaries/sprintf.o
                0x0000000000106b95                sprintf
 .text          0x0000000000106bfb       0x70 binaries/sscanf.o
                0x0000000000106bfb                sscanf
 .text          0x0000000000106c6b       0x3c binaries/strchr.o
                0x0000000000106c6b                strchr
 .text          0x0000000000106ca7       0x45 binaries/strcmp.o
                0x0000000000106ca7                strcmp
 .text          0x0000000000106cec       0x27 binaries/strcpy.o
                0x0000000000106cec                strcpy
 .text          0x0000000000106d13       0x26 binaries/strlen.o
                0x0000000000106d13                strlen
 .text          0x0000000000106d39       0x56 binaries/strncat.o
                0x0000000000106d39                strncat
 .text          0x0000000000106d8f       0x5f binaries/strncmp.o
                0x0000000000106d8f                strncmp
 .text          0x0000000000106dee       0x4f binaries/strncpy.o
                0x0000000000106dee                strncpy
 .text          0x0000000000106e3d       0x2e binaries/strnlen.o
                0x0000000000106e3d                strnlen
 .text          0x0000000000106e6b       0x45 binaries/strrchr.o
                0x0000000000106e6b                strrchr
 .text          0x0000000000106eb0       0x6e binaries/strstr.o
                0x0000000000106eb0                strstr
 .text          0x0000000000106f1e       0xe4 binaries/ttycontrol.o
                0x0000000000106f1e                ttycontrol
 .text          0x0000000000107002       0x97 binaries/ttygetc.o
                0x0000000000107002                ttygetc
 .text          0x0000000000107099      0x6ed binaries/ttyhandle_in.o
                0x0000000000107099                ttyhandle_in
 .text          0x0000000000107786      0x188 binaries/ttyhandle_out.o
                0x0000000000107786                ttyhandle_out
 .text          0x000000000010790e       0xb5 binaries/ttyhandler.o
                0x000000000010790e                ttyhandler
 .text          0x00000000001079c3      0x20d binaries/ttyinit.o
                0x00000000001079c3                ttyinit
 .text          0x0000000000107bd0       0x10 binaries/ttykickout.o
                0x0000000000107bd0                ttykickout
 .text          0x0000000000107be0       0xb7 binaries/ttyputc.o
                0x0000000000107be0                ttyputc
 .text          0x0000000000107c97      0x11b binaries/ttyread.o
                0x0000000000107c97                ttyread
 .text          0x0000000000107db2       0x4d binaries/ttywrite.o
                0x0000000000107db2                ttywrite
 .text          0x0000000000107dff      0x14b binaries/mount.o
                0x0000000000107dff                mount
                0x0000000000107f14                namlen
 .text          0x0000000000107f4a      0x1eb binaries/naminit.o
                0x0000000000107f4a                naminit
 .text          0x0000000000108135      0x212 binaries/nammap.o
                0x0000000000108135                nammap
                0x00000000001081c0                namrepl
                0x00000000001082f7                namcpy
 .text          0x0000000000108347       0x4e binaries/namopen.o
                0x0000000000108347                namopen
 .text          0x0000000000108395       0x92 binaries/ethcontrol.o
                0x0000000000108395                ethcontrol
 .text          0x0000000000108427      0x192 binaries/ethhandler.o
                0x0000000000108427                ethhandler
 .text          0x00000000001085b9      0x73b binaries/ethinit.o
                0x00000000001085b9                eth_phy_read
                0x0000000000108623                eth_phy_write
                0x0000000000108698                eth_phy_reset
                0x00000000001087dc                ethinit
 .text          0x0000000000108cf4      0x17c binaries/ethmcast.o
                0x0000000000108cf4                ethmcast_add
                0x0000000000108d70                ethmcast_remove
 .text          0x0000000000108e70      0x224 binaries/ethread.o
                0x0000000000108e70                ethread
 .text          0x0000000000109094      0x176 binaries/ethwrite.o
                0x0000000000109094                ethwrite
 .text          0x000000000010920a       0x9e binaries/rdsbufalloc.o
                0x000000000010920a                rdsbufalloc
 .text          0x00000000001092a8       0xcc binaries/rdsclose.o
                0x00000000001092a8                rdsclose
 .text          0x0000000000109374        0xa binaries/rdscomm.o
                0x0000000000109374                rdscomm
 .text          0x000000000010937e      0x234 binaries/rdscontrol.o
                0x000000000010937e                rdscontrol
 .text          0x00000000001095b2      0x1f3 binaries/rdsinit.o
                0x00000000001095b2                rdsinit
 .text          0x00000000001097a5      0x19b binaries/rdsopen.o
                0x00000000001097a5                rdsopen
 .text          0x0000000000109940      0x461 binaries/rdsprocess.o
                0x0000000000109940                rdsprocess
 .text          0x0000000000109da1      0x25b binaries/rdsread.o
                0x0000000000109da1                rdsread
 .text          0x0000000000109ffc      0x1fb binaries/rdswrite.o
                0x0000000000109ffc                rdswrite
 .text          0x000000000010a1f7        0xa binaries/ramclose.o
                0x000000000010a1f7                ramclose
 .text          0x000000000010a201       0x3e binaries/raminit.o
                0x000000000010a201                raminit
 .text          0x000000000010a23f        0xa binaries/ramopen.o
                0x000000000010a23f                ramopen
 .text          0x000000000010a249       0x32 binaries/ramread.o
                0x000000000010a249                ramread
 .text          0x000000000010a27b       0x32 binaries/ramwrite.o
                0x000000000010a27b                ramwrite
 .text          0x000000000010a2ad       0x98 binaries/lfdballoc.o
                0x000000000010a2ad                lfdballoc
 .text          0x000000000010a345       0x58 binaries/lfdbfree.o
                0x000000000010a345                lfdbfree
 .text          0x000000000010a39d       0xb6 binaries/lfflush.o
                0x000000000010a39d                lfflush
 .text          0x000000000010a453       0xd8 binaries/lfgetmode.o
                0x000000000010a453                lfgetmode
 .text          0x000000000010a52b       0x68 binaries/lfiballoc.o
                0x000000000010a52b                lfiballoc
 .text          0x000000000010a593       0x3b binaries/lfibclear.o
                0x000000000010a593                lfibclear
 .text          0x000000000010a5ce       0xad binaries/lfibget.o
                0x000000000010a5ce                lfibget
 .text          0x000000000010a67b       0xdc binaries/lfibput.o
                0x000000000010a67b                lfibput
 .text          0x000000000010a757       0xa2 binaries/lflclose.o
                0x000000000010a757                lflclose
 .text          0x000000000010a7f9       0xd0 binaries/lflcontrol.o
                0x000000000010a7f9                lflcontrol
 .text          0x000000000010a8c9       0xf2 binaries/lflgetc.o
                0x000000000010a8c9                lflgetc
 .text          0x000000000010a9bb       0xf0 binaries/lflinit.o
                0x000000000010a9bb                lflinit
 .text          0x000000000010aaab      0x122 binaries/lflputc.o
                0x000000000010aaab                lflputc
 .text          0x000000000010abcd       0x70 binaries/lflread.o
                0x000000000010abcd                lflread
 .text          0x000000000010ac3d       0xac binaries/lflseek.o
                0x000000000010ac3d                lflseek
 .text          0x000000000010ace9       0x55 binaries/lflwrite.o
                0x000000000010ace9                lflwrite
 .text          0x000000000010ad3e       0x62 binaries/lfscheck.o
                0x000000000010ad3e                lfscheck
 .text          0x000000000010ada0      0x175 binaries/lfsckfmt.o
                0x000000000010ada0                lfsckfmt
 .text          0x000000000010af15      0x1af binaries/lfscreate.o
                0x000000000010af15                lfscreate
 .text          0x000000000010b0c4      0x27f binaries/lfsetup.o
                0x000000000010b0c4                lfsetup
 .text          0x000000000010b343       0x51 binaries/lfsinit.o
                0x000000000010b343                lfsinit
 .text          0x000000000010b394      0x3c2 binaries/lfsopen.o
                0x000000000010b394                lfsopen
 .text          0x000000000010b756      0x15e binaries/lftruncate.o
                0x000000000010b756                lftruncate
 .text          0x000000000010b8b4       0x71 binaries/rflclose.o
                0x000000000010b8b4                rflclose
 .text          0x000000000010b925       0x32 binaries/rflgetc.o
                0x000000000010b925                rflgetc
 .text          0x000000000010b957       0x78 binaries/rflinit.o
                0x000000000010b957                rflinit
 .text          0x000000000010b9cf       0x33 binaries/rflputc.o
                0x000000000010b9cf                rflputc
 .text          0x000000000010ba02      0x35e binaries/rflread.o
                0x000000000010ba02                rflread
 .text          0x000000000010bd60       0x74 binaries/rflseek.o
                0x000000000010bd60                rflseek
 .text          0x000000000010bdd4      0x34d binaries/rflwrite.o
                0x000000000010bdd4                rflwrite
 .text          0x000000000010c121        0xa binaries/rfscomm.o
                0x000000000010c121                rfscomm
 .text          0x000000000010c12b      0x273 binaries/rfscontrol.o
                0x000000000010c12b                rfscontrol
 .text          0x000000000010c39e       0xd8 binaries/rfsgetmode.o
                0x000000000010c39e                rfsgetmode
 .text          0x000000000010c476       0x86 binaries/rfsinit.o
                0x000000000010c476                rfsinit
 .text          0x000000000010c4fc      0x111 binaries/rfsndmsg.o
                0x000000000010c4fc                rfsndmsg
 .text          0x000000000010c60d      0x2ab binaries/rfsopen.o
                0x000000000010c60d                rfsopen
 .text          0x000000000010c8b8      0x103 binaries/checksum6.o
                0x000000000010c8b8                checksumv6
                0x000000000010c937                cksum_valid
                0x000000000010c987                cksum_valid_1buf
 .text          0x000000000010c9bb       0x69 binaries/datagram.o
                0x000000000010c9bb                fillDatagram
 .text          0x000000000010ca24        0xa binaries/dns.o
                0x000000000010ca24                dnslookup
 .text          0x000000000010ca2e       0xea binaries/dot2ip.o
                0x000000000010ca2e                dot2ip
 .text          0x000000000010cb18      0x58b binaries/fwdipv6.o
                0x000000000010cb18                getNextHop
                0x000000000010cb83                match
                0x000000000010cbbd                getNextAvailFwdIndex
                0x000000000010cbf3                fwdIPDatagram
                0x000000000010ccf8                sortFwdTab
                0x000000000010cd7d                insertNewFwdTabEntry
                0x000000000010ce32                fwdipv6_init
                0x000000000010cf32                printFWDTab
 .text          0x000000000010d0a3      0x4c4 binaries/hexdump.o
                0x000000000010d0a3                hexdump
                0x000000000010d24a                hexadump
 .text          0x000000000010d567      0x30c binaries/icmpv6.o
                0x000000000010d567                icmpv6_in
 .text          0x000000000010d873      0x680 binaries/ipv6.o
                0x000000000010d873                ipv6_in
                0x000000000010d95c                ipv6_init
                0x000000000010dc20                get_link_local
                0x000000000010dcc5                get_snm_addr
                0x000000000010dd22                get_mac_snm
                0x000000000010dd77                check_reassembly_time_out_task
                0x000000000010dd91                check_reassembly_time_out
                0x000000000010de4b                removeReaEntry
 .text          0x000000000010def3      0x2ac binaries/nadvert.o
                0x000000000010def3                nadvert_valid
                0x000000000010e0b8                getmac_ad
                0x000000000010e0df                nadvert_handler
 .text          0x000000000010e19f      0x5c0 binaries/nat.o
                0x000000000010e19f                getNewID
                0x000000000010e1b8                incPktRW
                0x000000000010e325                outPktRW
                0x000000000010e47b                natTab_init
                0x000000000010e53f                printNATTab
 .text          0x000000000010e75f      0x3b7 binaries/ndcache.o
                0x000000000010e75f                lookupNDEntry
                0x000000000010e7b4                getAvailNDEntry
                0x000000000010e7ff                NDCache_init
                0x000000000010e88b                print_mac
                0x000000000010e90b                print_ipv6
                0x000000000010e98b                print_state
                0x000000000010ea1b                printNDTab
 .text          0x000000000010eb16      0xa8d binaries/net.o
                0x000000000010eb16                net_init
                0x000000000010f0f6                netin
                0x000000000010f1f2                rawin
                0x000000000010f4b9                eth_hton
                0x000000000010f4e4                eth_ntoh
                0x000000000010f50f                getport
 .text          0x000000000010f5a3      0x38d binaries/nsolicit.o
                0x000000000010f5a3                nsolicit_valid
                0x000000000010f818                getmac_sol
                0x000000000010f84f                nsolicit_handler
 .text          0x000000000010f930      0x25e binaries/pdump.o
                0x000000000010f930                pdump
                0x000000000010fa9a                pdumph
 .text          0x000000000010fb8e      0x45e binaries/print6.o
                0x000000000010fb8e                print_ipv6_info
                0x000000000010fc56                print6
                0x000000000010fe32                payload_hexdump
                0x000000000010feec                print_mac_addr
                0x000000000010ff6c                print_ipv6_addr
 .text          0x000000000010ffec      0x2f8 binaries/radvert.o
                0x000000000010ffec                radvert_handler
                0x00000000001100c7                get_router_link_addr
                0x0000000000110110                get_MTU
                0x000000000011016b                get_prefix_default
                0x000000000011020b                radvert_valid
 .text          0x00000000001102e4      0xa9e binaries/reassembly.o
                0x00000000001102e4                reassembly
                0x000000000011055d                copy_to_datagram
                0x000000000011068c                updateDatagramHeaders
                0x00000000001106fc                isLastFragment
                0x0000000000110737                appendReaTable
                0x0000000000110904                find_hole
                0x000000000011095c                initialize_frag_list
                0x0000000000110995                insert_frag_list
                0x0000000000110a8f                print_list
                0x0000000000110b1d                insert_node
                0x0000000000110c88                checkReassemblyTable
                0x0000000000110d31                byteComp
 .text          0x0000000000110d82      0x269 binaries/rsolicit.o
                0x0000000000110d82                rsolicit_handler
                0x0000000000110e08                rsolicit_valid
 .text          0x0000000000110feb      0x9c3 binaries/sendipv6pkt.o
                0x0000000000110feb                makePseudoHdr
                0x0000000000111086                sendipv6pkt
                0x00000000001114ce                fillOptions
                0x000000000011155d                fill_option_prefix
                0x000000000011157c                fill_option_MTU
                0x00000000001115ca                fill_option_one
                0x0000000000111617                fillEthernet
                0x000000000011166d                fillIPdatagram
                0x0000000000111702                fillICMP
 .text          0x00000000001119ae      0x6f8 binaries/sendto.o
                0x00000000001119ae                sendto
                0x0000000000111aaf                fragmentDatagram
                0x0000000000111cae                writeToInterface
                0x0000000000111cf2                checkLength
                0x0000000000111d13                sendFragment
                0x0000000000111e34                fillPerFragmentHeader
                0x0000000000111eaf                fillPayload
                0x0000000000111ecd                fillUDPHeader
                0x0000000000111f23                getIdentif
                0x0000000000111f5b                fillPreFragmentHeader
                0x0000000000111fce                fillFragmentHeader
 .text          0x00000000001120a6       0x6f binaries/udp.o
                0x00000000001120a6                udp_init
                0x00000000001120ac                udp_in
                0x00000000001120b2                udp_register
                0x00000000001120cd                udp_recv
                0x00000000001120d7                udp_recvaddr
                0x00000000001120e1                udp_send
                0x00000000001120eb                udp_sendto
                0x00000000001120ff                udp_release
                0x0000000000112109                udp_ntoh
                0x000000000011210f                udp_hton
 .text          0x0000000000112115      0x13b binaries/addargs.o
                0x0000000000112115                addargs
 .text          0x0000000000112250      0x118 binaries/addfwdentry.o
                0x0000000000112250                addFwdEntry
 .text          0x0000000000112368       0x52 binaries/ipv6info.o
                0x0000000000112368                ipv6info
 .text          0x00000000001123ba      0x2c7 binaries/lexan.o
                0x00000000001123ba                lexan
 .text          0x0000000000112681       0x4c binaries/printFWD.o
                0x0000000000112681                printFWD
 .text          0x00000000001126cd       0x4c binaries/printNAT.o
                0x00000000001126cd                printNAT
 .text          0x0000000000112719       0x4c binaries/printND.o
                0x0000000000112719                printND
 .text          0x0000000000112765       0xda binaries/sendecho.o
                0x0000000000112765                sendecho
 .text          0x000000000011283f      0x12b binaries/sendnadvert.o
                0x000000000011283f                sendnadvert
 .text          0x000000000011296a       0xb3 binaries/sendradvert.o
                0x000000000011296a                sendradvert
 .text          0x0000000000112a1d       0x8a binaries/sendrsolicit.o
                0x0000000000112a1d                sendrsolicit
 .text          0x0000000000112aa7      0x672 binaries/shell.o
                0x0000000000112aa7                shell
 .text          0x0000000000113119       0x69 binaries/xsh_argecho.o
                0x0000000000113119                xsh_argecho
 .text          0x0000000000113182        0xa binaries/xsh_arp.o
                0x0000000000113182                xsh_arp
 .text          0x000000000011318c      0x269 binaries/xsh_cat.o
                0x000000000011318c                xsh_cat
 .text          0x00000000001133f5       0x5d binaries/xsh_clear.o
                0x00000000001133f5                xsh_clear
 .text          0x0000000000113452      0x2f2 binaries/xsh_date.o
                0x0000000000113452                xsh_date
 .text          0x0000000000113744       0xad binaries/xsh_devdump.o
                0x0000000000113744                xsh_devdump
 .text          0x00000000001137f1       0x72 binaries/xsh_echo.o
                0x00000000001137f1                xsh_echo
 .text          0x0000000000113863        0xa binaries/xsh_exit.o
                0x0000000000113863                xsh_exit
 .text          0x000000000011386d      0x387 binaries/xsh_help.o
                0x000000000011386d                xsh_help
 .text          0x0000000000113bf4      0x244 binaries/xsh_kill.o
                0x0000000000113bf4                xsh_kill
 .text          0x0000000000113e38      0x53d binaries/xsh_memdump.o
                0x0000000000113e38                xsh_memdump
 .text          0x0000000000114375      0x2ae binaries/xsh_memstat.o
                0x0000000000114375                xsh_memstat
 .text          0x0000000000114623      0x171 binaries/xsh_netinfo.o
                0x0000000000114623                xsh_netinfo
 .text          0x0000000000114794      0x1e8 binaries/xsh_pdump.o
                0x0000000000114794                xsh_pdump
 .text          0x000000000011497c        0xa binaries/xsh_ping.o
                0x000000000011497c                xsh_ping
 .text          0x0000000000114986      0x226 binaries/xsh_ps.o
                0x0000000000114986                xsh_ps
 .text          0x0000000000114bac       0xa5 binaries/xsh_sendnsolicit.o
                0x0000000000114bac                sendnsolicit
 .text          0x0000000000114c51      0x11b binaries/xsh_sendpacket.o
                0x0000000000114c51                xsh_sendpacket
 .text          0x0000000000114d6c      0x277 binaries/xsh_sendpkt.o
                0x0000000000114d6c                xsh_sendpkt
                0x0000000000114ed8                printPacket
 .text          0x0000000000114fe3      0x220 binaries/xsh_sleep.o
                0x0000000000114fe3                xsh_sleep
 .text          0x0000000000115203      0x3bb binaries/xsh_sp.o
                0x0000000000115203                xsh_sp
 .text          0x00000000001155be        0xa binaries/xsh_udpdump.o
                0x00000000001155be                xsh_udpdump
 .text          0x00000000001155c8        0xa binaries/xsh_udpecho.o
                0x00000000001155c8                xsh_udpecho
 .text          0x00000000001155d2        0xa binaries/xsh_udpserver.o
                0x00000000001155d2                xsh_udpeserver
 .text          0x00000000001155dc      0x1f1 binaries/xsh_uptime.o
                0x00000000001155dc                xsh_uptime
 .text          0x00000000001157cd        0xe binaries/clkdisp.o
                0x00000000001157cd                clkdisp
 .text          0x00000000001157db       0x19 binaries/ctxsw.o
                0x00000000001157db                ctxsw
 .text          0x00000000001157f4      0x30a binaries/intr.o
                0x00000000001157f4                disable
                0x00000000001157fd                restore
                0x000000000011580b                enable
                0x000000000011580d                pause
                0x0000000000115814                halt
                0x0000000000115817                spurious_irq7
                0x000000000011581c                spurious_irq15
                0x000000000011582b                _Xint0
                0x0000000000115833                _Xint1
                0x000000000011583b                _Xint2
                0x0000000000115843                _Xint3
                0x000000000011584b                _Xint4
                0x0000000000115853                _Xint5
                0x000000000011585e                _Xint6
                0x0000000000115866                _Xint7
                0x000000000011586e                _Xint8
                0x0000000000115876                _Xint9
                0x000000000011587e                _Xint10
                0x0000000000115886                _Xint11
                0x000000000011588e                _Xint12
                0x0000000000115896                _Xint13
                0x000000000011589e                _Xint14
                0x00000000001158a9                _Xint15
                0x00000000001158b4                _Xint16
                0x00000000001158bf                _Xint17
                0x00000000001158ca                _Xint18
                0x00000000001158d5                _Xint19
                0x00000000001158e0                _Xint20
                0x00000000001158eb                _Xint21
                0x00000000001158f6                _Xint22
                0x0000000000115901                _Xint23
                0x000000000011590c                _Xint24
                0x0000000000115917                _Xint25
                0x0000000000115922                _Xint26
                0x000000000011592d                _Xint27
                0x0000000000115938                _Xint28
                0x0000000000115943                _Xint29
                0x000000000011594e                _Xint30
                0x0000000000115959                _Xint31
                0x0000000000115964                _extint
                0x0000000000115978                _Xint32
                0x0000000000115984                _Xint33
                0x0000000000115990                _Xint34
                0x000000000011599c                _Xint35
                0x00000000001159a8                _Xint36
                0x00000000001159b4                _Xint37
                0x00000000001159c0                _Xint38
                0x00000000001159cc                _Xint39
                0x00000000001159d8                _Xint40
                0x00000000001159e4                _Xint41
                0x00000000001159f3                _Xint42
                0x0000000000115a02                _Xint43
                0x0000000000115a11                _Xint44
                0x0000000000115a20                _Xint45
                0x0000000000115a2f                _Xint46
                0x0000000000115a3e                defevec
 .text          0x0000000000115afe        0xf binaries/ttydispatch.o
                0x0000000000115afe                ttydispatch
 .text          0x0000000000115b0d       0x13 binaries/ethdispatch.o
                0x0000000000115b0d                ethdispatch
 *(.rodata .rodata.*)
 .rodata        0x0000000000115b20       0x8e binaries/ascdate.o
 .rodata        0x0000000000115bae       0xae binaries/conf.o
 .rodata        0x0000000000115c5c       0x83 binaries/early_imr.o
 *fill*         0x0000000000115cdf        0x1 
 .rodata        0x0000000000115ce0      0x231 binaries/evec.o
 *fill*         0x0000000000115f11        0x3 
 .rodata        0x0000000000115f14      0x138 binaries/initialize.o
 .rodata        0x000000000011604c       0x20 binaries/kill.o
 .rodata        0x000000000011606c        0x6 binaries/main.o
 *fill*         0x0000000000116072        0x2 
 .rodata        0x0000000000116074       0x3e binaries/meminit.o
 .rodata        0x00000000001160b2        0xf binaries/panic.o
 *fill*         0x00000000001160c1        0x3 
 .rodata        0x00000000001160c4       0x20 binaries/pci.o
 .rodata        0x00000000001160e4       0x1d binaries/ptinit.o
 *fill*         0x0000000000116101        0x3 
 .rodata        0x0000000000116104       0x25 binaries/ptsend.o
 .rodata        0x0000000000116129       0x22 binaries/quark_pdat.o
 *fill*         0x000000000011614b        0x1 
 .rodata        0x000000000011614c       0xb7 binaries/stacktrace.o
 *fill*         0x0000000000116203        0x1 
 .rodata        0x0000000000116204       0x27 binaries/xdone.o
 *fill*         0x000000000011622b       0x15 
 .rodata        0x0000000000116240       0x81 binaries/ctype_.o
                0x0000000000116240                _ctype_
 *fill*         0x00000000001162c1        0x3 
 .rodata        0x00000000001162c4       0xee binaries/doprnt.o
 *fill*         0x00000000001163b2        0x2 
 .rodata        0x00000000001163b4       0x98 binaries/doscan.o
 .rodata        0x000000000011644c       0xae binaries/fdoprnt.o
 *fill*         0x00000000001164fa        0x2 
 .rodata        0x00000000001164fc       0x20 binaries/ttycontrol.o
 .rodata        0x000000000011651c       0x34 binaries/ttyhandler.o
 .rodata        0x0000000000116550       0x80 binaries/naminit.o
 .rodata        0x00000000001165d0       0x52 binaries/ethinit.o
 *fill*         0x0000000000116622        0x2 
 .rodata        0x0000000000116624       0x2c binaries/rdsbufalloc.o
 .rodata        0x0000000000116650       0x48 binaries/rdscontrol.o
 .rodata        0x0000000000116698       0x96 binaries/rdsinit.o
 *fill*         0x000000000011672e        0x2 
 .rodata        0x0000000000116730       0x22 binaries/rdsopen.o
 *fill*         0x0000000000116752        0x2 
 .rodata        0x0000000000116754       0x4d binaries/rdsprocess.o
 .rodata        0x00000000001167a1        0x9 binaries/raminit.o
 *fill*         0x00000000001167aa        0x2 
 .rodata        0x00000000001167ac       0x37 binaries/lfdballoc.o
 .rodata        0x00000000001167e3       0x14 binaries/lfiballoc.o
 *fill*         0x00000000001167f7        0x1 
 .rodata        0x00000000001167f8       0x23 binaries/lflcontrol.o
 *fill*         0x000000000011681b        0x1 
 .rodata        0x000000000011681c      0x11b binaries/lfsckfmt.o
 *fill*         0x0000000000116937        0x1 
 .rodata        0x0000000000116938       0x2a binaries/lfsopen.o
 *fill*         0x0000000000116962        0x2 
 .rodata        0x0000000000116964       0x21 binaries/rflread.o
 *fill*         0x0000000000116985        0x3 
 .rodata        0x0000000000116988       0x21 binaries/rflwrite.o
 *fill*         0x00000000001169a9        0x3 
 .rodata        0x00000000001169ac       0x3c binaries/rfscontrol.o
 .rodata        0x00000000001169e8       0x63 binaries/rfsinit.o
 *fill*         0x0000000000116a4b        0x1 
 .rodata        0x0000000000116a4c       0x2a binaries/rfsndmsg.o
 *fill*         0x0000000000116a76        0x2 
 .rodata        0x0000000000116a78       0x22 binaries/rfsopen.o
 *fill*         0x0000000000116a9a        0x2 
 .rodata        0x0000000000116a9c      0x115 binaries/fwdipv6.o
 *fill*         0x0000000000116bb1        0x3 
 .rodata        0x0000000000116bb4       0xc9 binaries/hexdump.o
 *fill*         0x0000000000116c7d        0x3 
 .rodata        0x0000000000116c80      0x218 binaries/icmpv6.o
 .rodata        0x0000000000116e98      0x17a binaries/ipv6.o
 *fill*         0x0000000000117012        0x2 
 .rodata        0x0000000000117014       0x6a binaries/nadvert.o
 *fill*         0x000000000011707e        0x2 
 .rodata        0x0000000000117080      0x160 binaries/nat.o
 .rodata        0x00000000001171e0      0x137 binaries/ndcache.o
 *fill*         0x0000000000117317        0x1 
 .rodata        0x0000000000117318      0x18a binaries/net.o
 *fill*         0x00000000001174a2        0x2 
 .rodata        0x00000000001174a4       0x8b binaries/nsolicit.o
 *fill*         0x000000000011752f        0x1 
 .rodata        0x0000000000117530       0x6d binaries/pdump.o
 *fill*         0x000000000011759d        0x3 
 .rodata        0x00000000001175a0      0x2a1 binaries/print6.o
 *fill*         0x0000000000117841        0x3 
 .rodata        0x0000000000117844      0x3cb binaries/reassembly.o
 .rodata        0x0000000000117c0f       0x19 binaries/rsolicit.o
 .rodata        0x0000000000117c28      0x254 binaries/sendipv6pkt.o
 .rodata        0x0000000000117e7c      0x177 binaries/sendto.o
 *fill*         0x0000000000117ff3        0x1 
 .rodata        0x0000000000117ff4       0xa7 binaries/addfwdentry.o
 .rodata        0x000000000011809b       0x1a binaries/ipv6info.o
 .rodata        0x00000000001180b5       0x11 binaries/printFWD.o
 .rodata        0x00000000001180c6       0x11 binaries/printNAT.o
 .rodata        0x00000000001180d7       0x15 binaries/printND.o
 .rodata        0x00000000001180ec       0x8b binaries/sendecho.o
 .rodata        0x0000000000118177       0x16 binaries/sendnadvert.o
 *fill*         0x000000000011818d        0x3 
 .rodata        0x0000000000118190       0x8c binaries/sendradvert.o
 .rodata        0x000000000011821c       0x17 binaries/sendrsolicit.o
 *fill*         0x0000000000118233        0xd 
 .rodata        0x0000000000118240      0x509 binaries/shell.o
                0x0000000000118360                cmdtab
 .rodata        0x0000000000118749       0x28 binaries/xsh_argecho.o
 *fill*         0x0000000000118771        0x3 
 .rodata        0x0000000000118774       0xc9 binaries/xsh_cat.o
 .rodata        0x000000000011883d       0x19 binaries/xsh_clear.o
 *fill*         0x0000000000118856        0x2 
 .rodata        0x0000000000118858      0x1c3 binaries/xsh_date.o
 .rodata        0x0000000000118a1b       0x5d binaries/xsh_devdump.o
 .rodata        0x0000000000118a78        0x9 binaries/xsh_echo.o
 *fill*         0x0000000000118a81        0x3 
 .rodata        0x0000000000118a84      0x169 binaries/xsh_help.o
 *fill*         0x0000000000118bed        0x3 
 .rodata        0x0000000000118bf0      0x12e binaries/xsh_kill.o
 *fill*         0x0000000000118d1e        0x2 
 .rodata        0x0000000000118d20      0x266 binaries/xsh_memdump.o
 *fill*         0x0000000000118f86        0x2 
 .rodata        0x0000000000118f88      0x225 binaries/xsh_memstat.o
 *fill*         0x00000000001191ad        0x3 
 .rodata        0x00000000001191b0       0x80 binaries/xsh_netinfo.o
 .rodata        0x0000000000119230       0xd1 binaries/xsh_pdump.o
 *fill*         0x0000000000119301       0x1f 
 .rodata        0x0000000000119320      0x1e0 binaries/xsh_ps.o
 .rodata        0x0000000000119500       0x17 binaries/xsh_sendnsolicit.o
 *fill*         0x0000000000119517        0x1 
 .rodata        0x0000000000119518       0x8a binaries/xsh_sendpacket.o
 *fill*         0x00000000001195a2        0x2 
 .rodata        0x00000000001195a4      0x132 binaries/xsh_sendpkt.o
 *fill*         0x00000000001196d6        0x2 
 .rodata        0x00000000001196d8       0xeb binaries/xsh_sleep.o
 *fill*         0x00000000001197c3        0x1 
 .rodata        0x00000000001197c4      0x252 binaries/xsh_sp.o
 *fill*         0x0000000000119a16        0x2 
 .rodata        0x0000000000119a18      0x105 binaries/xsh_uptime.o
                0x0000000000119b1d                etext = ABSOLUTE (.)
                0x000000000011a000                . = ALIGN (0x1000)
 *fill*         0x0000000000119b1d      0x4e3 

.eh_frame       0x000000000011a000     0x3414
 .eh_frame      0x000000000011a000       0x38 binaries/ascdate.o
 .eh_frame      0x000000000011a038       0x20 binaries/bufinit.o
                                         0x38 (size before relaxing)
 .eh_frame      0x000000000011a058       0x20 binaries/chprio.o
                                         0x38 (size before relaxing)
 .eh_frame      0x000000000011a078       0x20 binaries/clkhandler.o
                                         0x38 (size before relaxing)
 .eh_frame      0x000000000011a098       0x20 binaries/clkinit.o
                                         0x38 (size before relaxing)
 .eh_frame      0x000000000011a0b8       0x20 binaries/close.o
                                         0x38 (size before relaxing)
 .eh_frame      0x000000000011a0d8       0x20 binaries/control.o
                                         0x38 (size before relaxing)
 .eh_frame      0x000000000011a0f8       0x40 binaries/create.o
                                         0x58 (size before relaxing)
 .eh_frame      0x000000000011a138      0x104 binaries/early_imr.o
                                        0x11c (size before relaxing)
 .eh_frame      0x000000000011a23c       0xe0 binaries/evec.o
                                         0xf8 (size before relaxing)
 .eh_frame      0x000000000011a31c       0x20 binaries/exit.o
                                         0x38 (size before relaxing)
 .eh_frame      0x000000000011a33c       0x20 binaries/freebuf.o
                                         0x38 (size before relaxing)
 .eh_frame      0x000000000011a35c       0x20 binaries/freemem.o
                                         0x38 (size before relaxing)
 .eh_frame      0x000000000011a37c       0x20 binaries/getbuf.o
                                         0x38 (size before relaxing)
 .eh_frame      0x000000000011a39c       0x20 binaries/getc.o
                                         0x38 (size before relaxing)
 .eh_frame      0x000000000011a3bc       0x20 binaries/getdev.o
                                         0x38 (size before relaxing)
 .eh_frame      0x000000000011a3dc       0x60 binaries/getitem.o
                                         0x78 (size before relaxing)
 .eh_frame      0x000000000011a43c       0x20 binaries/getmem.o
                                         0x38 (size before relaxing)
 .eh_frame      0x000000000011a45c       0x20 binaries/getpid.o
                                         0x38 (size before relaxing)
 .eh_frame      0x000000000011a47c       0x20 binaries/getprio.o
                                         0x38 (size before relaxing)
 .eh_frame      0x000000000011a49c       0x20 binaries/getstk.o
                                         0x38 (size before relaxing)
 .eh_frame      0x000000000011a4bc       0x20 binaries/getticks.o
                                         0x38 (size before relaxing)
 .eh_frame      0x000000000011a4dc       0x20 binaries/gettime.o
                                         0x38 (size before relaxing)
 .eh_frame      0x000000000011a4fc       0x20 binaries/getutime.o
                                         0x38 (size before relaxing)
 .eh_frame      0x000000000011a51c       0x20 binaries/init.o
                                         0x38 (size before relaxing)
 .eh_frame      0x000000000011a53c       0x9c binaries/initialize.o
                                         0xb4 (size before relaxing)
 .eh_frame      0x000000000011a5d8       0x20 binaries/insert.o
                                         0x38 (size before relaxing)
 .eh_frame      0x000000000011a5f8       0x20 binaries/insertd.o
                                         0x38 (size before relaxing)
 .eh_frame      0x000000000011a618       0x20 binaries/ioerr.o
                                         0x38 (size before relaxing)
 .eh_frame      0x000000000011a638       0x20 binaries/ionull.o
                                         0x38 (size before relaxing)
 .eh_frame      0x000000000011a658       0x20 binaries/kill.o
                                         0x38 (size before relaxing)
 .eh_frame      0x000000000011a678       0x60 binaries/kprintf.o
                                         0x78 (size before relaxing)
 .eh_frame      0x000000000011a6d8       0x2c binaries/main.o
                                         0x44 (size before relaxing)
 .eh_frame      0x000000000011a704       0x40 binaries/mark.o
                                         0x58 (size before relaxing)
 .eh_frame      0x000000000011a744       0x44 binaries/meminit.o
                                         0x5c (size before relaxing)
 .eh_frame      0x000000000011a788       0x20 binaries/mkbufpool.o
                                         0x38 (size before relaxing)
 .eh_frame      0x000000000011a7a8       0x20 binaries/newqueue.o
                                         0x38 (size before relaxing)
 .eh_frame      0x000000000011a7c8       0x20 binaries/open.o
                                         0x38 (size before relaxing)
 .eh_frame      0x000000000011a7e8       0x1c binaries/panic.o
                                         0x34 (size before relaxing)
 .eh_frame      0x000000000011a804      0x1e0 binaries/pci.o
                                        0x1f8 (size before relaxing)
 .eh_frame      0x000000000011a9e4       0x60 binaries/platinit.o
                                         0x78 (size before relaxing)
 .eh_frame      0x000000000011aa44       0x20 binaries/ptclear.o
                                         0x38 (size before relaxing)
 .eh_frame      0x000000000011aa64       0x20 binaries/ptcount.o
                                         0x38 (size before relaxing)
 .eh_frame      0x000000000011aa84       0x20 binaries/ptcreate.o
                                         0x38 (size before relaxing)
 .eh_frame      0x000000000011aaa4       0x20 binaries/ptdelete.o
                                         0x38 (size before relaxing)
 .eh_frame      0x000000000011aac4       0x20 binaries/ptinit.o
                                         0x38 (size before relaxing)
 .eh_frame      0x000000000011aae4       0x20 binaries/ptrecv.o
                                         0x38 (size before relaxing)
 .eh_frame      0x000000000011ab04       0x20 binaries/ptreset.o
                                         0x38 (size before relaxing)
 .eh_frame      0x000000000011ab24       0x20 binaries/ptsend.o
                                         0x38 (size before relaxing)
 .eh_frame      0x000000000011ab44       0x20 binaries/putc.o
                                         0x38 (size before relaxing)
 .eh_frame      0x000000000011ab64       0x20 binaries/quark_irq.o
                                         0x38 (size before relaxing)
 .eh_frame      0x000000000011ab84       0x40 binaries/quark_pdat.o
                                         0x58 (size before relaxing)
 .eh_frame      0x000000000011abc4       0x40 binaries/queue.o
                                         0x58 (size before relaxing)
 .eh_frame      0x000000000011ac04       0x20 binaries/read.o
                                         0x38 (size before relaxing)
 .eh_frame      0x000000000011ac24       0x24 binaries/ready.o
                                         0x3c (size before relaxing)
 .eh_frame      0x000000000011ac48       0x20 binaries/receive.o
                                         0x38 (size before relaxing)
 .eh_frame      0x000000000011ac68       0x20 binaries/recvclr.o
                                         0x38 (size before relaxing)
 .eh_frame      0x000000000011ac88       0x20 binaries/recvtime.o
                                         0x38 (size before relaxing)
 .eh_frame      0x000000000011aca8       0x40 binaries/resched.o
                                         0x58 (size before relaxing)
 .eh_frame      0x000000000011ace8       0x20 binaries/resume.o
                                         0x38 (size before relaxing)
 .eh_frame      0x000000000011ad08       0x20 binaries/seek.o
                                         0x38 (size before relaxing)
 .eh_frame      0x000000000011ad28       0x20 binaries/semcount.o
                                         0x38 (size before relaxing)
 .eh_frame      0x000000000011ad48       0x40 binaries/semcreate.o
                                         0x58 (size before relaxing)
 .eh_frame      0x000000000011ad88       0x20 binaries/semdelete.o
                                         0x38 (size before relaxing)
 .eh_frame      0x000000000011ada8       0x20 binaries/semreset.o
                                         0x38 (size before relaxing)
 .eh_frame      0x000000000011adc8       0x20 binaries/send.o
                                         0x38 (size before relaxing)
 .eh_frame      0x000000000011ade8       0x20 binaries/signal.o
                                         0x38 (size before relaxing)
 .eh_frame      0x000000000011ae08       0x20 binaries/signaln.o
                                         0x38 (size before relaxing)
 .eh_frame      0x000000000011ae28       0x40 binaries/sleep.o
                                         0x58 (size before relaxing)
 .eh_frame      0x000000000011ae68       0x20 binaries/stacktrace.o
                                         0x38 (size before relaxing)
 .eh_frame      0x000000000011ae88       0x20 binaries/suspend.o
                                         0x38 (size before relaxing)
 .eh_frame      0x000000000011aea8       0x20 binaries/unsleep.o
                                         0x38 (size before relaxing)
 .eh_frame      0x000000000011aec8       0x20 binaries/userret.o
                                         0x38 (size before relaxing)
 .eh_frame      0x000000000011aee8       0x20 binaries/wait.o
                                         0x38 (size before relaxing)
 .eh_frame      0x000000000011af08       0x20 binaries/wakeup.o
                                         0x38 (size before relaxing)
 .eh_frame      0x000000000011af28       0x20 binaries/write.o
                                         0x38 (size before relaxing)
 .eh_frame      0x000000000011af48       0x20 binaries/xdone.o
                                         0x38 (size before relaxing)
 .eh_frame      0x000000000011af68       0x20 binaries/yield.o
                                         0x38 (size before relaxing)
 .eh_frame      0x000000000011af88       0x20 binaries/abs.o
                                         0x38 (size before relaxing)
 .eh_frame      0x000000000011afa8       0x20 binaries/atoi.o
                                         0x38 (size before relaxing)
 .eh_frame      0x000000000011afc8       0x20 binaries/atol.o
                                         0x38 (size before relaxing)
 .eh_frame      0x000000000011afe8       0x20 binaries/bzero.o
                                         0x38 (size before relaxing)
 .eh_frame      0x000000000011b008       0x20 binaries/char2Hex.o
                                         0x38 (size before relaxing)
 .eh_frame      0x000000000011b028       0xe0 binaries/doprnt.o
                                         0xf8 (size before relaxing)
 .eh_frame      0x000000000011b108       0xac binaries/doscan.o
                                         0xc4 (size before relaxing)
 .eh_frame      0x000000000011b1b4       0xc0 binaries/fdoprnt.o
                                         0xd8 (size before relaxing)
 .eh_frame      0x000000000011b274       0x20 binaries/fgetc.o
                                         0x38 (size before relaxing)
 .eh_frame      0x000000000011b294       0x20 binaries/fgets.o
                                         0x38 (size before relaxing)
 .eh_frame      0x000000000011b2b4       0x20 binaries/fprintf.o
                                         0x38 (size before relaxing)
 .eh_frame      0x000000000011b2d4       0x20 binaries/fputc.o
                                         0x38 (size before relaxing)
 .eh_frame      0x000000000011b2f4       0x20 binaries/fputs.o
                                         0x38 (size before relaxing)
 .eh_frame      0x000000000011b314       0x60 binaries/fscanf.o
                                         0x78 (size before relaxing)
 .eh_frame      0x000000000011b374       0x20 binaries/getchar.o
                                         0x38 (size before relaxing)
 .eh_frame      0x000000000011b394       0x20 binaries/labs.o
                                         0x38 (size before relaxing)
 .eh_frame      0x000000000011b3b4       0x20 binaries/memcmp.o
                                         0x38 (size before relaxing)
 .eh_frame      0x000000000011b3d4       0x24 binaries/memcpy.o
                                         0x3c (size before relaxing)
 .eh_frame      0x000000000011b3f8       0x24 binaries/memset.o
                                         0x3c (size before relaxing)
 .eh_frame      0x000000000011b41c       0x20 binaries/printf.o
                                         0x38 (size before relaxing)
 .eh_frame      0x000000000011b43c       0x20 binaries/putchar.o
                                         0x38 (size before relaxing)
 .eh_frame      0x000000000011b45c       0xa4 binaries/qsort.o
                                         0xbc (size before relaxing)
 .eh_frame      0x000000000011b500       0x60 binaries/rand.o
                                         0x78 (size before relaxing)
 .eh_frame      0x000000000011b560       0x40 binaries/sprintf.o
                                         0x58 (size before relaxing)
 .eh_frame      0x000000000011b5a0       0x60 binaries/sscanf.o
                                         0x78 (size before relaxing)
 .eh_frame      0x000000000011b600       0x20 binaries/strchr.o
                                         0x38 (size before relaxing)
 .eh_frame      0x000000000011b620       0x20 binaries/strcmp.o
                                         0x38 (size before relaxing)
 .eh_frame      0x000000000011b640       0x20 binaries/strcpy.o
                                         0x38 (size before relaxing)
 .eh_frame      0x000000000011b660       0x20 binaries/strlen.o
                                         0x38 (size before relaxing)
 .eh_frame      0x000000000011b680       0x20 binaries/strncat.o
                                         0x38 (size before relaxing)
 .eh_frame      0x000000000011b6a0       0x20 binaries/strncmp.o
                                         0x38 (size before relaxing)
 .eh_frame      0x000000000011b6c0       0x28 binaries/strncpy.o
                                         0x40 (size before relaxing)
 .eh_frame      0x000000000011b6e8       0x20 binaries/strnlen.o
                                         0x38 (size before relaxing)
 .eh_frame      0x000000000011b708       0x20 binaries/strrchr.o
                                         0x38 (size before relaxing)
 .eh_frame      0x000000000011b728       0x20 binaries/strstr.o
                                         0x38 (size before relaxing)
 .eh_frame      0x000000000011b748       0x20 binaries/ttycontrol.o
                                         0x38 (size before relaxing)
 .eh_frame      0x000000000011b768       0x20 binaries/ttygetc.o
                                         0x38 (size before relaxing)
 .eh_frame      0x000000000011b788       0x80 binaries/ttyhandle_in.o
                                         0x98 (size before relaxing)
 .eh_frame      0x000000000011b808       0x20 binaries/ttyhandle_out.o
                                         0x38 (size before relaxing)
 .eh_frame      0x000000000011b828       0x20 binaries/ttyhandler.o
                                         0x38 (size before relaxing)
 .eh_frame      0x000000000011b848       0x20 binaries/ttyinit.o
                                         0x38 (size before relaxing)
 .eh_frame      0x000000000011b868       0x20 binaries/ttykickout.o
                                         0x38 (size before relaxing)
 .eh_frame      0x000000000011b888       0x20 binaries/ttyputc.o
                                         0x38 (size before relaxing)
 .eh_frame      0x000000000011b8a8       0x24 binaries/ttyread.o
                                         0x3c (size before relaxing)
 .eh_frame      0x000000000011b8cc       0x20 binaries/ttywrite.o
                                         0x38 (size before relaxing)
 .eh_frame      0x000000000011b8ec       0x40 binaries/mount.o
                                         0x58 (size before relaxing)
 .eh_frame      0x000000000011b92c       0x20 binaries/naminit.o
                                         0x38 (size before relaxing)
 .eh_frame      0x000000000011b94c       0x60 binaries/nammap.o
                                         0x78 (size before relaxing)
 .eh_frame      0x000000000011b9ac       0x20 binaries/namopen.o
                                         0x38 (size before relaxing)
 .eh_frame      0x000000000011b9cc       0x20 binaries/ethcontrol.o
                                         0x38 (size before relaxing)
 .eh_frame      0x000000000011b9ec       0x20 binaries/ethhandler.o
                                         0x38 (size before relaxing)
 .eh_frame      0x000000000011ba0c       0x9c binaries/ethinit.o
                                         0xb4 (size before relaxing)
 .eh_frame      0x000000000011baa8       0x40 binaries/ethmcast.o
                                         0x58 (size before relaxing)
 .eh_frame      0x000000000011bae8       0x20 binaries/ethread.o
                                         0x38 (size before relaxing)
 .eh_frame      0x000000000011bb08       0x20 binaries/ethwrite.o
                                         0x38 (size before relaxing)
 .eh_frame      0x000000000011bb28       0x20 binaries/rdsbufalloc.o
                                         0x38 (size before relaxing)
 .eh_frame      0x000000000011bb48       0x20 binaries/rdsclose.o
                                         0x38 (size before relaxing)
 .eh_frame      0x000000000011bb68       0x20 binaries/rdscomm.o
                                         0x38 (size before relaxing)
 .eh_frame      0x000000000011bb88       0x20 binaries/rdscontrol.o
                                         0x38 (size before relaxing)
 .eh_frame      0x000000000011bba8       0x20 binaries/rdsinit.o
                                         0x38 (size before relaxing)
 .eh_frame      0x000000000011bbc8       0x20 binaries/rdsopen.o
                                         0x38 (size before relaxing)
 .eh_frame      0x000000000011bbe8       0x1c binaries/rdsprocess.o
                                         0x34 (size before relaxing)
 .eh_frame      0x000000000011bc04       0x20 binaries/rdsread.o
                                         0x38 (size before relaxing)
 .eh_frame      0x000000000011bc24       0x20 binaries/rdswrite.o
                                         0x38 (size before relaxing)
 .eh_frame      0x000000000011bc44       0x20 binaries/ramclose.o
                                         0x38 (size before relaxing)
 .eh_frame      0x000000000011bc64       0x20 binaries/raminit.o
                                         0x38 (size before relaxing)
 .eh_frame      0x000000000011bc84       0x20 binaries/ramopen.o
                                         0x38 (size before relaxing)
 .eh_frame      0x000000000011bca4       0x20 binaries/ramread.o
                                         0x38 (size before relaxing)
 .eh_frame      0x000000000011bcc4       0x20 binaries/ramwrite.o
                                         0x38 (size before relaxing)
 .eh_frame      0x000000000011bce4       0x20 binaries/lfdballoc.o
                                         0x38 (size before relaxing)
 .eh_frame      0x000000000011bd04       0x20 binaries/lfdbfree.o
                                         0x38 (size before relaxing)
 .eh_frame      0x000000000011bd24       0x20 binaries/lfflush.o
                                         0x38 (size before relaxing)
 .eh_frame      0x000000000011bd44       0x20 binaries/lfgetmode.o
                                         0x38 (size before relaxing)
 .eh_frame      0x000000000011bd64       0x20 binaries/lfiballoc.o
                                         0x38 (size before relaxing)
 .eh_frame      0x000000000011bd84       0x20 binaries/lfibclear.o
                                         0x38 (size before relaxing)
 .eh_frame      0x000000000011bda4       0x20 binaries/lfibget.o
                                         0x38 (size before relaxing)
 .eh_frame      0x000000000011bdc4       0x20 binaries/lfibput.o
                                         0x38 (size before relaxing)
 .eh_frame      0x000000000011bde4       0x20 binaries/lflclose.o
                                         0x38 (size before relaxing)
 .eh_frame      0x000000000011be04       0x20 binaries/lflcontrol.o
                                         0x38 (size before relaxing)
 .eh_frame      0x000000000011be24       0x20 binaries/lflgetc.o
                                         0x38 (size before relaxing)
 .eh_frame      0x000000000011be44       0x20 binaries/lflinit.o
                                         0x38 (size before relaxing)
 .eh_frame      0x000000000011be64       0x20 binaries/lflputc.o
                                         0x38 (size before relaxing)
 .eh_frame      0x000000000011be84       0x20 binaries/lflread.o
                                         0x38 (size before relaxing)
 .eh_frame      0x000000000011bea4       0x20 binaries/lflseek.o
                                         0x38 (size before relaxing)
 .eh_frame      0x000000000011bec4       0x20 binaries/lflwrite.o
                                         0x38 (size before relaxing)
 .eh_frame      0x000000000011bee4       0x20 binaries/lfscheck.o
                                         0x38 (size before relaxing)
 .eh_frame      0x000000000011bf04       0x20 binaries/lfsckfmt.o
                                         0x38 (size before relaxing)
 .eh_frame      0x000000000011bf24       0x20 binaries/lfscreate.o
                                         0x38 (size before relaxing)
 .eh_frame      0x000000000011bf44       0x20 binaries/lfsetup.o
                                         0x38 (size before relaxing)
 .eh_frame      0x000000000011bf64       0x20 binaries/lfsinit.o
                                         0x38 (size before relaxing)
 .eh_frame      0x000000000011bf84       0x20 binaries/lfsopen.o
                                         0x38 (size before relaxing)
 .eh_frame      0x000000000011bfa4       0x20 binaries/lftruncate.o
                                         0x38 (size before relaxing)
 .eh_frame      0x000000000011bfc4       0x20 binaries/rflclose.o
                                         0x38 (size before relaxing)
 .eh_frame      0x000000000011bfe4       0x20 binaries/rflgetc.o
                                         0x38 (size before relaxing)
 .eh_frame      0x000000000011c004       0x20 binaries/rflinit.o
                                         0x38 (size before relaxing)
 .eh_frame      0x000000000011c024       0x20 binaries/rflputc.o
                                         0x38 (size before relaxing)
 .eh_frame      0x000000000011c044       0x20 binaries/rflread.o
                                         0x38 (size before relaxing)
 .eh_frame      0x000000000011c064       0x20 binaries/rflseek.o
                                         0x38 (size before relaxing)
 .eh_frame      0x000000000011c084       0x20 binaries/rflwrite.o
                                         0x38 (size before relaxing)
 .eh_frame      0x000000000011c0a4       0x20 binaries/rfscomm.o
                                         0x38 (size before relaxing)
 .eh_frame      0x000000000011c0c4       0x20 binaries/rfscontrol.o
                                         0x38 (size before relaxing)
 .eh_frame      0x000000000011c0e4       0x20 binaries/rfsgetmode.o
                                         0x38 (size before relaxing)
 .eh_frame      0x000000000011c104       0x20 binaries/rfsinit.o
                                         0x38 (size before relaxing)
 .eh_frame      0x000000000011c124       0x20 binaries/rfsndmsg.o
                                         0x38 (size before relaxing)
[...]
 .note.GNU-stack
                0x0000000000000000        0x0 binaries/bufinit.o
 .note.GNU-stack
                0x0000000000000000        0x0 binaries/chprio.o
 .note.GNU-stack
                0x0000000000000000        0x0 binaries/clkhandler.o
 .note.GNU-stack
                0x0000000000000000        0x0 binaries/clkinit.o
 .note.GNU-stack
                0x0000000000000000        0x0 binaries/close.o
 .note.GNU-stack
                0x0000000000000000        0x0 binaries/conf.o
 .note.GNU-stack
                0x0000000000000000        0x0 binaries/control.o
 .note.GNU-stack
                0x0000000000000000        0x0 binaries/create.o
 .note.GNU-stack
                0x0000000000000000        0x0 binaries/early_imr.o
 .note.GNU-stack
                0x0000000000000000        0x0 binaries/evec.o
 .note.GNU-stack
                0x0000000000000000        0x0 binaries/exit.o
 .note.GNU-stack
                0x0000000000000000        0x0 binaries/freebuf.o
 .note.GNU-stack
                0x0000000000000000        0x0 binaries/freemem.o
 .note.GNU-stack
                0x0000000000000000        0x0 binaries/getbuf.o
 .note.GNU-stack
                0x0000000000000000        0x0 binaries/getc.o
 .note.GNU-stack
                0x0000000000000000        0x0 binaries/getdev.o
 .note.GNU-stack
                0x0000000000000000        0x0 binaries/getitem.o
 .note.GNU-stack
                0x0000000000000000        0x0 binaries/getmem.o
 .note.GNU-stack
                0x0000000000000000        0x0 binaries/getpid.o
 .note.GNU-stack
                0x0000000000000000        0x0 binaries/getprio.o
 .note.GNU-stack
                0x0000000000000000        0x0 binaries/getstk.o
 .note.GNU-stack
                0x0000000000000000        0x0 binaries/getticks.o
 .note.GNU-stack
                0x0000000000000000        0x0 binaries/gettime.o
 .note.GNU-stack
                0x0000000000000000        0x0 binaries/getutime.o
 .note.GNU-stack
                0x0000000000000000        0x0 binaries/init.o
 .note.GNU-stack
                0x0000000000000000        0x0 binaries/initialize.o
 .note.GNU-stack
                0x0000000000000000        0x0 binaries/insert.o
 .note.GNU-stack
                0x0000000000000000        0x0 binaries/insertd.o
 .note.GNU-stack
                0x0000000000000000        0x0 binaries/ioerr.o
 .note.GNU-stack
                0x0000000000000000        0x0 binaries/ionull.o
 .note.GNU-stack
                0x0000000000000000        0x0 binaries/kill.o
 .note.GNU-stack
                0x0000000000000000        0x0 binaries/kprintf.o
 .note.GNU-stack
                0x0000000000000000        0x0 binaries/main.o
 .note.GNU-stack
                0x0000000000000000        0x0 binaries/mark.o
 .note.GNU-stack
                0x0000000000000000        0x0 binaries/meminit.o
 .note.GNU-stack
                0x0000000000000000        0x0 binaries/mkbufpool.o
 .note.GNU-stack
                0x0000000000000000        0x0 binaries/newqueue.o
 .note.GNU-stack
                0x0000000000000000        0x0 binaries/open.o
 .note.GNU-stack
                0x0000000000000000        0x0 binaries/panic.o
 .note.GNU-stack
                0x0000000000000000        0x0 binaries/pci.o
 .note.GNU-stack
                0x0000000000000000        0x0 binaries/platinit.o
 .note.GNU-stack
                0x0000000000000000        0x0 binaries/ptclear.o
 .note.GNU-stack
                0x0000000000000000        0x0 binaries/ptcount.o
 .note.GNU-stack
                0x0000000000000000        0x0 binaries/ptcreate.o
 .note.GNU-stack
                0x0000000000000000        0x0 binaries/ptdelete.o
 .note.GNU-stack
                0x0000000000000000        0x0 binaries/ptinit.o
 .note.GNU-stack
                0x0000000000000000        0x0 binaries/ptrecv.o
 .note.GNU-stack
                0x0000000000000000        0x0 binaries/ptreset.o
 .note.GNU-stack
                0x0000000000000000        0x0 binaries/ptsend.o
 .note.GNU-stack
                0x0000000000000000        0x0 binaries/putc.o
 .note.GNU-stack
                0x0000000000000000        0x0 binaries/quark_irq.o
 .note.GNU-stack
                0x0000000000000000        0x0 binaries/quark_pdat.o
 .note.GNU-stack
                0x0000000000000000        0x0 binaries/queue.o
 .note.GNU-stack
                0x0000000000000000        0x0 binaries/read.o
 .note.GNU-stack
                0x0000000000000000        0x0 binaries/ready.o
 .note.GNU-stack
                0x0000000000000000        0x0 binaries/receive.o
 .note.GNU-stack
                0x0000000000000000        0x0 binaries/recvclr.o
 .note.GNU-stack
                0x0000000000000000        0x0 binaries/recvtime.o
 .note.GNU-stack
                0x0000000000000000        0x0 binaries/resched.o
 .note.GNU-stack
                0x0000000000000000        0x0 binaries/resume.o
 .note.GNU-stack
                0x0000000000000000        0x0 binaries/seek.o
 .note.GNU-stack
                0x0000000000000000        0x0 binaries/semcount.o
 .note.GNU-stack
                0x0000000000000000        0x0 binaries/semcreate.o
 .note.GNU-stack
                0x0000000000000000        0x0 binaries/semdelete.o
 .note.GNU-stack
                0x0000000000000000        0x0 binaries/semreset.o
 .note.GNU-stack
                0x0000000000000000        0x0 binaries/send.o
 .note.GNU-stack
                0x0000000000000000        0x0 binaries/signal.o
 .note.GNU-stack
                0x0000000000000000        0x0 binaries/signaln.o
 .note.GNU-stack
                0x0000000000000000        0x0 binaries/sleep.o
 .note.GNU-stack
                0x0000000000000000        0x0 binaries/stacktrace.o
 .note.GNU-stack
                0x0000000000000000        0x0 binaries/suspend.o
 .note.GNU-stack
                0x0000000000000000        0x0 binaries/unsleep.o
 .note.GNU-stack
                0x0000000000000000        0x0 binaries/userret.o
 .note.GNU-stack
                0x0000000000000000        0x0 binaries/wait.o
 .note.GNU-stack
                0x0000000000000000        0x0 binaries/wakeup.o
 .note.GNU-stack
                0x0000000000000000        0x0 binaries/write.o
 .note.GNU-stack
                0x0000000000000000        0x0 binaries/xdone.o
 .note.GNU-stack
                0x0000000000000000        0x0 binaries/yield.o
 .note.GNU-stack
                0x0000000000000000        0x0 binaries/abs.o
 .note.GNU-stack
                0x0000000000000000        0x0 binaries/atoi.o
 .note.GNU-stack
                0x0000000000000000        0x0 binaries/atol.o
 .note.GNU-stack
                0x0000000000000000        0x0 binaries/bzero.o
 .note.GNU-stack
                0x0000000000000000        0x0 binaries/char2Hex.o
 .note.GNU-stack
                0x0000000000000000        0x0 binaries/ctype_.o
 .note.GNU-stack
                0x0000000000000000        0x0 binaries/doprnt.o
 .note.GNU-stack
                0x0000000000000000        0x0 binaries/doscan.o
 .note.GNU-stack
                0x0000000000000000        0x0 binaries/fdoprnt.o
 .note.GNU-stack
                0x0000000000000000        0x0 binaries/fgetc.o
 .note.GNU-stack
                0x0000000000000000        0x0 binaries/fgets.o
 .note.GNU-stack
                0x0000000000000000        0x0 binaries/fprintf.o
 .note.GNU-stack
                0x0000000000000000        0x0 binaries/fputc.o
 .note.GNU-stack
                0x0000000000000000        0x0 binaries/fputs.o
 .note.GNU-stack
                0x0000000000000000        0x0 binaries/fscanf.o
 .note.GNU-stack
                0x0000000000000000        0x0 binaries/getchar.o
 .note.GNU-stack
                0x0000000000000000        0x0 binaries/labs.o
 .note.GNU-stack
                0x0000000000000000        0x0 binaries/memchr.o
 .note.GNU-stack
                0x0000000000000000        0x0 binaries/memcmp.o
 .note.GNU-stack
                0x0000000000000000        0x0 binaries/memcpy.o
 .note.GNU-stack
                0x0000000000000000        0x0 binaries/memset.o
 .note.GNU-stack
                0x0000000000000000        0x0 binaries/printf.o
 .note.GNU-stack
                0x0000000000000000        0x0 binaries/putchar.o
 .note.GNU-stack
                0x0000000000000000        0x0 binaries/qsort.o
 .note.GNU-stack
                0x0000000000000000        0x0 binaries/rand.o
 .note.GNU-stack
                0x0000000000000000        0x0 binaries/sprintf.o
 .note.GNU-stack
                0x0000000000000000        0x0 binaries/sscanf.o
 .note.GNU-stack
                0x0000000000000000        0x0 binaries/strchr.o
 .note.GNU-stack
                0x0000000000000000        0x0 binaries/strcmp.o
 .note.GNU-stack
                0x0000000000000000        0x0 binaries/strcpy.o
 .note.GNU-stack
                0x0000000000000000        0x0 binaries/strlen.o
 .note.GNU-stack
                0x0000000000000000        0x0 binaries/strncat.o
 .note.GNU-stack
                0x0000000000000000        0x0 binaries/strncmp.o
 .note.GNU-stack
                0x0000000000000000        0x0 binaries/strncpy.o
 .note.GNU-stack
                0x0000000000000000        0x0 binaries/strnlen.o
 .note.GNU-stack
                0x0000000000000000        0x0 binaries/strrchr.o
 .note.GNU-stack
                0x0000000000000000        0x0 binaries/strstr.o
 .note.GNU-stack
                0x0000000000000000        0x0 binaries/ttycontrol.o
 .note.GNU-stack
                0x0000000000000000        0x0 binaries/ttygetc.o
 .note.GNU-stack
                0x0000000000000000        0x0 binaries/ttyhandle_in.o
 .note.GNU-stack
                0x0000000000000000        0x0 binaries/ttyhandle_out.o
 .note.GNU-stack
                0x0000000000000000        0x0 binaries/ttyhandler.o
 .note.GNU-stack
                0x0000000000000000        0x0 binaries/ttyinit.o
 .note.GNU-stack
                0x0000000000000000        0x0 binaries/ttykickout.o
 .note.GNU-stack
                0x0000000000000000        0x0 binaries/ttyputc.o
 .note.GNU-stack
                0x0000000000000000        0x0 binaries/ttyread.o
 .note.GNU-stack
                0x0000000000000000        0x0 binaries/ttywrite.o
 .note.GNU-stack
                0x0000000000000000        0x0 binaries/mount.o
 .note.GNU-stack
                0x0000000000000000        0x0 binaries/naminit.o
 .note.GNU-stack
                0x0000000000000000        0x0 binaries/nammap.o
 .note.GNU-stack
                0x0000000000000000        0x0 binaries/namopen.o
 .note.GNU-stack
                0x0000000000000000        0x0 binaries/ethcontrol.o
 .note.GNU-stack
                0x0000000000000000        0x0 binaries/ethhandler.o
 .note.GNU-stack
                0x0000000000000000        0x0 binaries/ethinit.o
 .note.GNU-stack
                0x0000000000000000        0x0 binaries/ethmcast.o
 .note.GNU-stack
                0x0000000000000000        0x0 binaries/ethread.o
 .note.GNU-stack
                0x0000000000000000        0x0 binaries/ethwrite.o
 .note.GNU-stack
                0x0000000000000000        0x0 binaries/rdsbufalloc.o
 .note.GNU-stack
                0x0000000000000000        0x0 binaries/rdsclose.o
 .note.GNU-stack
                0x0000000000000000        0x0 binaries/rdscomm.o
 .note.GNU-stack
                0x0000000000000000        0x0 binaries/rdscontrol.o
 .note.GNU-stack
                0x0000000000000000        0x0 binaries/rdsinit.o
 .note.GNU-stack
                0x0000000000000000        0x0 binaries/rdsopen.o
 .note.GNU-stack
                0x0000000000000000        0x0 binaries/rdsprocess.o
 .note.GNU-stack
                0x0000000000000000        0x0 binaries/rdsread.o
 .note.GNU-stack
                0x0000000000000000        0x0 binaries/rdswrite.o
 .note.GNU-stack
                0x0000000000000000        0x0 binaries/ramclose.o
 .note.GNU-stack
                0x0000000000000000        0x0 binaries/raminit.o
 .note.GNU-stack
                0x0000000000000000        0x0 binaries/ramopen.o
 .note.GNU-stack
                0x0000000000000000        0x0 binaries/ramread.o
 .note.GNU-stack
                0x0000000000000000        0x0 binaries/ramwrite.o
 .note.GNU-stack
                0x0000000000000000        0x0 binaries/lfdballoc.o
 .note.GNU-stack
                0x0000000000000000        0x0 binaries/lfdbfree.o
 .note.GNU-stack
                0x0000000000000000        0x0 binaries/lfflush.o
 .note.GNU-stack
                0x0000000000000000        0x0 binaries/lfgetmode.o
 .note.GNU-stack
                0x0000000000000000        0x0 binaries/lfiballoc.o
 .note.GNU-stack
                0x0000000000000000        0x0 binaries/lfibclear.o
 .note.GNU-stack
                0x0000000000000000        0x0 binaries/lfibget.o
 .note.GNU-stack
                0x0000000000000000        0x0 binaries/lfibput.o
 .note.GNU-stack
                0x0000000000000000        0x0 binaries/lflclose.o
 .note.GNU-stack
                0x0000000000000000        0x0 binaries/lflcontrol.o
 .note.GNU-stack
                0x0000000000000000        0x0 binaries/lflgetc.o
 .note.GNU-stack
                0x0000000000000000        0x0 binaries/lflinit.o
 .note.GNU-stack
                0x0000000000000000        0x0 binaries/lflputc.o
 .note.GNU-stack
                0x0000000000000000        0x0 binaries/lflread.o
 .note.GNU-stack
                0x0000000000000000        0x0 binaries/lflseek.o
 .note.GNU-stack
                0x0000000000000000        0x0 binaries/lflwrite.o
 .note.GNU-stack
                0x0000000000000000        0x0 binaries/lfscheck.o
 .note.GNU-stack
                0x0000000000000000        0x0 binaries/lfsckfmt.o
 .note.GNU-stack
                0x0000000000000000        0x0 binaries/lfscreate.o
 .note.GNU-stack
                0x0000000000000000        0x0 binaries/lfsetup.o
 .note.GNU-stack
                0x0000000000000000        0x0 binaries/lfsinit.o
 .note.GNU-stack
                0x0000000000000000        0x0 binaries/lfsopen.o
 .note.GNU-stack
                0x0000000000000000        0x0 binaries/lftruncate.o
 .note.GNU-stack
                0x0000000000000000        0x0 binaries/rflclose.o
 .note.GNU-stack
                0x0000000000000000        0x0 binaries/rflgetc.o
 .note.GNU-stack
                0x0000000000000000        0x0 binaries/rflinit.o
 .note.GNU-stack
                0x0000000000000000        0x0 binaries/rflputc.o
 .note.GNU-stack
                0x0000000000000000        0x0 binaries/rflread.o
 .note.GNU-stack
                0x0000000000000000        0x0 binaries/rflseek.o
 .note.GNU-stack
                0x0000000000000000        0x0 binaries/rflwrite.o
 .note.GNU-stack
                0x0000000000000000        0x0 binaries/rfscomm.o
 .note.GNU-stack
                0x0000000000000000        0x0 binaries/rfscontrol.o
 .note.GNU-stack
                0x0000000000000000        0x0 binaries/rfsgetmode.o
 .note.GNU-stack
                0x0000000000000000        0x0 binaries/rfsinit.o
 .note.GNU-stack
                0x0000000000000000        0x0 binaries/rfsndmsg.o
 .note.GNU-stack
                0x0000000000000000        0x0 binaries/rfsopen.o
 .note.GNU-stack
                0x0000000000000000        0x0 binaries/checksum6.o
 .note.GNU-stack
                0x0000000000000000        0x0 binaries/datagram.o
 .note.GNU-stack
                0x0000000000000000        0x0 binaries/dns.o
 .note.GNU-stack
                0x0000000000000000        0x0 binaries/dot2ip.o
 .note.GNU-stack
                0x0000000000000000        0x0 binaries/fwdipv6.o
 .note.GNU-stack
                0x0000000000000000        0x0 binaries/hexdump.o
 .note.GNU-stack
                0x0000000000000000        0x0 binaries/icmpv6.o
 .note.GNU-stack
                0x0000000000000000        0x0 binaries/ipv6.o
 .note.GNU-stack
                0x0000000000000000        0x0 binaries/nadvert.o
 .note.GNU-stack
                0x0000000000000000        0x0 binaries/nat.o
 .note.GNU-stack
                0x0000000000000000        0x0 binaries/ndcache.o
 .note.GNU-stack
                0x0000000000000000        0x0 binaries/net.o
 .note.GNU-stack
                0x0000000000000000        0x0 binaries/nsolicit.o
 .note.GNU-stack
                0x0000000000000000        0x0 binaries/pdump.o
 .note.GNU-stack
                0x0000000000000000        0x0 binaries/print6.o
 .note.GNU-stack
                0x0000000000000000        0x0 binaries/radvert.o
 .note.GNU-stack
                0x0000000000000000        0x0 binaries/reassembly.o
 .note.GNU-stack
                0x0000000000000000        0x0 binaries/rsolicit.o
 .note.GNU-stack
                0x0000000000000000        0x0 binaries/sendipv6pkt.o
 .note.GNU-stack
                0x0000000000000000        0x0 binaries/sendto.o
 .note.GNU-stack
                0x0000000000000000        0x0 binaries/udp.o
 .note.GNU-stack
                0x0000000000000000        0x0 binaries/addargs.o
 .note.GNU-stack
                0x0000000000000000        0x0 binaries/addfwdentry.o
 .note.GNU-stack
                0x0000000000000000        0x0 binaries/ipv6info.o
 .note.GNU-stack
                0x0000000000000000        0x0 binaries/lexan.o
 .note.GNU-stack
                0x0000000000000000        0x0 binaries/printFWD.o
 .note.GNU-stack
                0x0000000000000000        0x0 binaries/printNAT.o
 .note.GNU-stack
                0x0000000000000000        0x0 binaries/printND.o
 .note.GNU-stack
                0x0000000000000000        0x0 binaries/sendecho.o
 .note.GNU-stack
                0x0000000000000000        0x0 binaries/sendnadvert.o
 .note.GNU-stack
                0x0000000000000000        0x0 binaries/sendradvert.o
 .note.GNU-stack
                0x0000000000000000        0x0 binaries/sendrsolicit.o
 .note.GNU-stack
                0x0000000000000000        0x0 binaries/shell.o
 .note.GNU-stack
                0x0000000000000000        0x0 binaries/xsh_argecho.o
 .note.GNU-stack
                0x0000000000000000        0x0 binaries/xsh_arp.o
 .note.GNU-stack
                0x0000000000000000        0x0 binaries/xsh_cat.o
 .note.GNU-stack
                0x0000000000000000        0x0 binaries/xsh_clear.o
 .note.GNU-stack
                0x0000000000000000        0x0 binaries/xsh_date.o
 .note.GNU-stack
                0x0000000000000000        0x0 binaries/xsh_devdump.o
 .note.GNU-stack
                0x0000000000000000        0x0 binaries/xsh_echo.o
 .note.GNU-stack
                0x0000000000000000        0x0 binaries/xsh_exit.o
 .note.GNU-stack
                0x0000000000000000        0x0 binaries/xsh_help.o
 .note.GNU-stack
                0x0000000000000000        0x0 binaries/xsh_kill.o
 .note.GNU-stack
                0x0000000000000000        0x0 binaries/xsh_memdump.o
 .note.GNU-stack
                0x0000000000000000        0x0 binaries/xsh_memstat.o
 .note.GNU-stack
                0x0000000000000000        0x0 binaries/xsh_netinfo.o
 .note.GNU-stack
                0x0000000000000000        0x0 binaries/xsh_pdump.o
 .note.GNU-stack
                0x0000000000000000        0x0 binaries/xsh_ping.o
 .note.GNU-stack
                0x0000000000000000        0x0 binaries/xsh_ps.o
 .note.GNU-stack
                0x0000000000000000        0x0 binaries/xsh_sendnsolicit.o
 .note.GNU-stack
                0x0000000000000000        0x0 binaries/xsh_sendpacket.o
 .note.GNU-stack
                0x0000000000000000        0x0 binaries/xsh_sendpkt.o
 .note.GNU-stack
                0x0000000000000000        0x0 binaries/xsh_sleep.o
 .note.GNU-stack
                0x0000000000000000        0x0 binaries/xsh_sp.o
 .note.GNU-stack
                0x0000000000000000        0x0 binaries/xsh_udpdump.o
 .note.GNU-stack
                0x0000000000000000        0x0 binaries/xsh_udpecho.o
 .note.GNU-stack
                0x0000000000000000        0x0 binaries/xsh_udpserver.o
 .note.GNU-stack
                0x0000000000000000        0x0 binaries/xsh_uptime.o
