
Allocating common symbols
Common symbol       size              file

netbufpool          0x4               binaries/net.o
readylist           0x2               binaries/ready.o
rfltab              0x5a0             binaries/rflinit.o
netportseed         0x8               binaries/net.o
sleepq              0x2               binaries/clkinit.o
host                0x1               binaries/net.o
nnames              0x4               binaries/naminit.o
udptab              0x168             binaries/udp.o
minheap             0x4               binaries/meminit.o
marks               0x50              binaries/mark.o
currpid             0x4               binaries/initialize.o
Lf_data             0x20c             binaries/lfsinit.o
porttab             0x2d0             binaries/ptinit.o
girmask             0x2               binaries/evec.o
ttytab              0x110             binaries/ttyinit.o
proctab             0x15e0            binaries/initialize.o
prcount             0x4               binaries/initialize.o
int_actions         0x140             binaries/evec.o
lfltab              0xf00             binaries/lflinit.o
rdstab              0x8c              binaries/rdsinit.o
link_local          0x10              binaries/ipv6.o
ethertab            0x13c             binaries/ethinit.o
snm_addr            0x10              binaries/ipv6.o
nmarks              0x4               binaries/mark.o
if_tab              0x1b0             binaries/net.o
Defer               0x8               binaries/resched.o
semtab              0x4b0             binaries/initialize.o
maxheap             0x4               binaries/meminit.o
preempt             0x4               binaries/clkinit.o
buftab              0xf0              binaries/bufinit.o
Rf_data             0x18              binaries/rfsinit.o
ifprime             0x4               binaries/net.o
mkmutex             0x4               binaries/mark.o
clktime             0x4               binaries/clkinit.o
mac_snm             0x6               binaries/ipv6.o
nbpools             0x4               binaries/bufinit.o
queuetab            0x980             binaries/queue.o
ptnextid            0x4               binaries/ptinit.o
Ram                 0x19000           binaries/raminit.o
memlist             0x8               binaries/initialize.o
nametab             0x19a0            binaries/naminit.o
ptfree              0x4               binaries/ptinit.o

Memory Configuration

Name             Origin             Length             Attributes
*default*        0x0000000000000000 0xffffffffffffffff

Linker script and memory map

                0x0000000000100000                physbase = 0x100000
                0x0000000000100000                . = physbase
                0x0000000000100000                . = ALIGN (0x1000)

.text           0x0000000000100000    0x15000
                0x0000000000100000                text = ABSOLUTE (.)
 *(.text .text.*)
 .text          0x0000000000100000      0x1b4 binaries/start.o
                0x0000000000100024                start
                0x00000000001000f6                inb
                0x00000000001000fe                inw
                0x0000000000100107                inl
                0x000000000010010f                outb
                0x0000000000100119                outw
                0x0000000000100124                outl
                0x000000000010012e                _rtcin
                0x0000000000100139                ___udivsi3
                0x0000000000100144                ___divsi3
                0x0000000000100150                sbzero
                0x0000000000100160                insw
                0x0000000000100176                outsw
                0x000000000010018c                bcopy
                0x00000000001001a0                lidt
                0x00000000001001a8                cpuid
 .text          0x00000000001001b4      0x3e4 binaries/ascdate.o
                0x00000000001001b4                ascdate
 .text          0x0000000000100598       0x14 binaries/bufinit.o
                0x0000000000100598                bufinit
 .text          0x00000000001005ac      0x103 binaries/checksum6.o
                0x00000000001005ac                checksumv6
 .text          0x00000000001006af       0x94 binaries/chprio.o
                0x00000000001006af                chprio
 .text          0x0000000000100743       0xc0 binaries/clkhandler.o
                0x0000000000100743                clkhandler
 .text          0x0000000000100803       0xe2 binaries/clkinit.o
                0x0000000000100803                clkinit
 .text          0x00000000001008e5       0x75 binaries/close.o
                0x00000000001008e5                close
 .text          0x000000000010095a        0x0 binaries/conf.o
 .text          0x000000000010095a       0x7b binaries/control.o
                0x000000000010095a                control
 .text          0x00000000001009d5      0x2c0 binaries/create.o
                0x00000000001009d5                create
 .text          0x0000000000100c95      0x29e binaries/early_imr.o
                0x0000000000100c95                intel_cln_early_sb_read_reg
                0x0000000000100d15                intel_cln_early_sb_write_reg
                0x0000000000100ea8                remove_irm_protections
 .text          0x0000000000100f33      0x5e1 binaries/evec.o
                0x0000000000100f33                initevec
                0x0000000000101085                set_evec
                0x00000000001010f2                set_ivec
                0x0000000000101191                ioapic_irq2vec
                0x00000000001011d2                int_dispatch
                0x0000000000101270                _8259_setirmask
                0x00000000001012ca                trap
 .text          0x0000000000101514       0x1a binaries/exit.o
                0x0000000000101514                exit
 .text          0x000000000010152e       0x8c binaries/freebuf.o
                0x000000000010152e                freebuf
 .text          0x00000000001015ba      0x172 binaries/freemem.o
                0x00000000001015ba                freemem
 .text          0x000000000010172c       0x8a binaries/getbuf.o
                0x000000000010172c                getbuf
 .text          0x00000000001017b6       0x75 binaries/getc.o
                0x00000000001017b6                getc
 .text          0x000000000010182b       0x73 binaries/getdev.o
                0x000000000010182b                getdev
 .text          0x000000000010189e       0xd0 binaries/getitem.o
                0x000000000010189e                getfirst
                0x00000000001018e3                getlast
                0x000000000010192a                getitem
 .text          0x000000000010196e      0x10a binaries/getmem.o
                0x000000000010196e                getmem
 .text          0x0000000000101a78        0xa binaries/getpid.o
                0x0000000000101a78                getpid
 .text          0x0000000000101a82       0x7c binaries/getprio.o
                0x0000000000101a82                getprio
 .text          0x0000000000101afe       0xfb binaries/getstk.o
                0x0000000000101afe                getstk
 .text          0x0000000000101bf9       0x16 binaries/getticks.o
                0x0000000000101bf9                getticks
 .text          0x0000000000101c0f       0x3a binaries/gettime.o
                0x0000000000101c0f                gettime
 .text          0x0000000000101c49        0xa binaries/getutime.o
                0x0000000000101c49                getutime
 .text          0x0000000000101c53       0x75 binaries/init.o
                0x0000000000101c53                init
 .text          0x0000000000101cc8      0x342 binaries/initialize.o
                0x0000000000101cc8                nulluser
                0x0000000000101fb1                stop
                0x0000000000101fdc                delay
 .text          0x000000000010200a       0xde binaries/insert.o
                0x000000000010200a                insert
 .text          0x00000000001020e8      0x110 binaries/insertd.o
                0x00000000001020e8                insertd
 .text          0x00000000001021f8        0xa binaries/ioerr.o
                0x00000000001021f8                ioerr
 .text          0x0000000000102202        0xa binaries/ionull.o
                0x0000000000102202                ionull
 .text          0x000000000010220c      0x19b binaries/kill.o
                0x000000000010220c                kill
 .text          0x00000000001023a7      0x138 binaries/kprintf.o
                0x00000000001023a7                kputc
                0x0000000000102432                kgetc
                0x00000000001024b5                kprintf
 .text          0x00000000001024df       0x9a binaries/main.o
                0x00000000001024df                main
 .text          0x0000000000102579       0xb6 binaries/mark.o
                0x0000000000102579                markinit
                0x000000000010259e                mark
 .text          0x000000000010262f      0x2ce binaries/meminit.o
                0x000000000010262f                meminit
                0x0000000000102856                setsegs
 .text          0x00000000001028fd      0x174 binaries/mkbufpool.o
                0x00000000001028fd                mkbufpool
 .text          0x0000000000102a71       0x94 binaries/newqueue.o
                0x0000000000102a71                newqueue
 .text          0x0000000000102b05       0x7b binaries/open.o
                0x0000000000102b05                open
 .text          0x0000000000102b80       0x20 binaries/panic.o
                0x0000000000102b80                panic
 .text          0x0000000000102ba0      0x56c binaries/pci.o
                0x0000000000102ba0                pci_init
                0x0000000000102c2a                find_pci_device
                0x0000000000102d11                pci_read_config_byte
                0x0000000000102d6f                pci_read_config_word
                0x0000000000102dcf                pci_read_config_dword
                0x0000000000102e2d                pci_write_config_byte
                0x0000000000102e8f                pci_write_config_word
                0x0000000000102ef3                pci_write_config_dword
                0x0000000000102f4f                pci_get_dev_mmio_base_addr
                0x0000000000102fbb                pci_set_ivec
 .text          0x000000000010310c       0xca binaries/platinit.o
                0x000000000010310c                cpu_is_quark
                0x0000000000103129                console_init
                0x0000000000103172                platinit
 .text          0x00000000001031d6       0xf1 binaries/ptclear.o
                0x00000000001031d6                _ptclear
 .text          0x00000000001032c7       0x9d binaries/ptcount.o
                0x00000000001032c7                ptcount
 .text          0x0000000000103364      0x116 binaries/ptcreate.o
                0x0000000000103364                ptcreate
 .text          0x000000000010347a       0x7f binaries/ptdelete.o
                0x000000000010347a                ptdelete
 .text          0x00000000001034f9       0xbd binaries/ptinit.o
                0x00000000001034f9                ptinit
 .text          0x00000000001035b6      0x11b binaries/ptrecv.o
                0x00000000001035b6                ptrecv
 .text          0x00000000001036d1       0x77 binaries/ptreset.o
                0x00000000001036d1                ptreset
 .text          0x0000000000103748      0x13d binaries/ptsend.o
                0x0000000000103748                ptsend
 .text          0x0000000000103885       0x80 binaries/putc.o
                0x0000000000103885                putc
 .text          0x0000000000103905       0xcc binaries/quark_irq.o
                0x0000000000103905                quark_irq_routing
 .text          0x00000000001039d1      0x1e9 binaries/quark_pdat.o
                0x00000000001039d1                get_quark_pdat_entry_data_by_id
                0x0000000000103ac0                get_quark_pdat_entry_data_by_desc
 .text          0x0000000000103bba      0x111 binaries/queue.o
                0x0000000000103bba                enqueue
                0x0000000000103c5e                dequeue
 .text          0x0000000000103ccb       0x7b binaries/read.o
                0x0000000000103ccb                read
 .text          0x0000000000103d46       0x7e binaries/ready.o
                0x0000000000103d46                ready
 .text          0x0000000000103dc4       0x62 binaries/receive.o
                0x0000000000103dc4                receive
 .text          0x0000000000103e26       0x5e binaries/recvclr.o
                0x0000000000103e26                recvclr
 .text          0x0000000000103e84       0xbd binaries/recvtime.o
                0x0000000000103e84                recvtime
 .text          0x0000000000103f41      0x16e binaries/resched.o
                0x0000000000103f41                resched
                0x000000000010403a                resched_cntl
 .text          0x00000000001040af       0xb1 binaries/resume.o
                0x00000000001040af                resume
 .text          0x0000000000104160       0x79 binaries/seek.o
                0x0000000000104160                seek
 .text          0x00000000001041d9       0x6f binaries/semcount.o
                0x00000000001041d9                semcount
 .text          0x0000000000104248       0xd5 binaries/semcreate.o
                0x0000000000104248                semcreate
 .text          0x000000000010431d       0xcd binaries/semdelete.o
                0x000000000010431d                semdelete
 .text          0x00000000001043ea       0xcb binaries/semreset.o
                0x00000000001043ea                semreset
 .text          0x00000000001044b5       0xed binaries/send.o
                0x00000000001044b5                send
 .text          0x00000000001045a2       0xa8 binaries/signal.o
                0x00000000001045a2                signal
 .text          0x000000000010464a       0xd6 binaries/signaln.o
                0x000000000010464a                signaln
 .text          0x0000000000104720       0xed binaries/sleep.o
                0x0000000000104720                sleep
                0x000000000010476e                sleepms
 .text          0x000000000010480d      0x191 binaries/stacktrace.o
                0x000000000010480d                stacktrace
 .text          0x000000000010499e       0xe7 binaries/suspend.o
                0x000000000010499e                suspend
 .text          0x0000000000104a85       0xe9 binaries/unsleep.o
                0x0000000000104a85                unsleep
 .text          0x0000000000104b6e       0x1a binaries/userret.o
                0x0000000000104b6e                userret
 .text          0x0000000000104b88       0xdd binaries/wait.o
                0x0000000000104b88                wait
 .text          0x0000000000104c65       0x72 binaries/wakeup.o
                0x0000000000104c65                wakeup
 .text          0x0000000000104cd7       0x7b binaries/write.o
                0x0000000000104cd7                write
 .text          0x0000000000104d52       0x1e binaries/xdone.o
                0x0000000000104d52                xdone
 .text          0x0000000000104d70       0x28 binaries/yield.o
                0x0000000000104d70                yield
 .text          0x0000000000104d98       0x11 binaries/abs.o
                0x0000000000104d98                abs
 .text          0x0000000000104da9       0x8f binaries/atoi.o
                0x0000000000104da9                atoi
 .text          0x0000000000104e38       0x8f binaries/atol.o
                0x0000000000104e38                atol
 .text          0x0000000000104ec7       0x32 binaries/bzero.o
                0x0000000000104ec7                bzero
 .text          0x0000000000104ef9        0x0 binaries/ctype_.o
 .text          0x0000000000104ef9      0x8ed binaries/doprnt.o
                0x0000000000104ef9                _doprnt
 .text          0x00000000001057e6      0x66b binaries/doscan.o
                0x00000000001057e6                _doscan
 .text          0x0000000000105e51      0x716 binaries/fdoprnt.o
                0x0000000000105e51                _fdoprnt
 .text          0x0000000000106567       0x29 binaries/fgetc.o
                0x0000000000106567                fgetc
 .text          0x0000000000106590       0x75 binaries/fgets.o
                0x0000000000106590                fgets
 .text          0x0000000000106605       0x2a binaries/fprintf.o
                0x0000000000106605                fprintf
 .text          0x000000000010662f       0x2c binaries/fputc.o
                0x000000000010662f                fputc
 .text          0x000000000010665b       0x43 binaries/fputs.o
                0x000000000010665b                fputs
 .text          0x000000000010669e       0x8a binaries/fscanf.o
                0x000000000010669e                fscanf
 .text          0x0000000000106728       0x30 binaries/getchar.o
                0x0000000000106728                getchar
 .text          0x0000000000106758       0x11 binaries/labs.o
                0x0000000000106758                labs
 .text          0x0000000000106769        0x0 binaries/memchr.o
 .text          0x0000000000106769       0x51 binaries/memcmp.o
                0x0000000000106769                memcmp
 .text          0x00000000001067ba       0x3f binaries/memcpy.o
                0x00000000001067ba                memcpy
 .text          0x00000000001067f9       0x30 binaries/memset.o
                0x00000000001067f9                memset
 .text          0x0000000000106829       0x46 binaries/printf.o
                0x0000000000106829                printf
 .text          0x000000000010686f       0x33 binaries/putchar.o
                0x000000000010686f                putchar
 .text          0x00000000001068a2      0x281 binaries/qsort.o
                0x00000000001068a2                qsort
 .text          0x0000000000106b23       0x64 binaries/rand.o
                0x0000000000106b23                rand
                0x0000000000106b3b                rand_r
                0x0000000000106b79                srand
 .text          0x0000000000106b87       0x66 binaries/sprintf.o
                0x0000000000106b87                sprintf
 .text          0x0000000000106bed       0x70 binaries/sscanf.o
                0x0000000000106bed                sscanf
 .text          0x0000000000106c5d       0x3c binaries/strchr.o
                0x0000000000106c5d                strchr
 .text          0x0000000000106c99       0x45 binaries/strcmp.o
                0x0000000000106c99                strcmp
 .text          0x0000000000106cde       0x27 binaries/strcpy.o
                0x0000000000106cde                strcpy
 .text          0x0000000000106d05       0x26 binaries/strlen.o
                0x0000000000106d05                strlen
 .text          0x0000000000106d2b       0x56 binaries/strncat.o
                0x0000000000106d2b                strncat
 .text          0x0000000000106d81       0x5f binaries/strncmp.o
                0x0000000000106d81                strncmp
 .text          0x0000000000106de0       0x4f binaries/strncpy.o
                0x0000000000106de0                strncpy
 .text          0x0000000000106e2f       0x2e binaries/strnlen.o
                0x0000000000106e2f                strnlen
 .text          0x0000000000106e5d       0x45 binaries/strrchr.o
                0x0000000000106e5d                strrchr
 .text          0x0000000000106ea2       0x6e binaries/strstr.o
                0x0000000000106ea2                strstr
 .text          0x0000000000106f10       0xe4 binaries/ttycontrol.o
                0x0000000000106f10                ttycontrol
 .text          0x0000000000106ff4       0x97 binaries/ttygetc.o
                0x0000000000106ff4                ttygetc
 .text          0x000000000010708b      0x6ed binaries/ttyhandle_in.o
                0x000000000010708b                ttyhandle_in
 .text          0x0000000000107778      0x188 binaries/ttyhandle_out.o
                0x0000000000107778                ttyhandle_out
 .text          0x0000000000107900       0xb5 binaries/ttyhandler.o
                0x0000000000107900                ttyhandler
 .text          0x00000000001079b5      0x20d binaries/ttyinit.o
                0x00000000001079b5                ttyinit
 .text          0x0000000000107bc2       0x10 binaries/ttykickout.o
                0x0000000000107bc2                ttykickout
 .text          0x0000000000107bd2       0xb7 binaries/ttyputc.o
                0x0000000000107bd2                ttyputc
 .text          0x0000000000107c89      0x11b binaries/ttyread.o
                0x0000000000107c89                ttyread
 .text          0x0000000000107da4       0x4d binaries/ttywrite.o
                0x0000000000107da4                ttywrite
 .text          0x0000000000107df1      0x14b binaries/mount.o
                0x0000000000107df1                mount
                0x0000000000107f06                namlen
 .text          0x0000000000107f3c      0x1eb binaries/naminit.o
                0x0000000000107f3c                naminit
 .text          0x0000000000108127      0x212 binaries/nammap.o
                0x0000000000108127                nammap
                0x00000000001081b2                namrepl
                0x00000000001082e9                namcpy
 .text          0x0000000000108339       0x4e binaries/namopen.o
                0x0000000000108339                namopen
 .text          0x0000000000108387       0x92 binaries/ethcontrol.o
                0x0000000000108387                ethcontrol
 .text          0x0000000000108419      0x192 binaries/ethhandler.o
                0x0000000000108419                ethhandler
 .text          0x00000000001085ab      0x73b binaries/ethinit.o
                0x00000000001085ab                eth_phy_read
                0x0000000000108615                eth_phy_write
                0x000000000010868a                eth_phy_reset
                0x00000000001087ce                ethinit
 .text          0x0000000000108ce6      0x17c binaries/ethmcast.o
                0x0000000000108ce6                ethmcast_add
                0x0000000000108d62                ethmcast_remove
 .text          0x0000000000108e62      0x224 binaries/ethread.o
                0x0000000000108e62                ethread
 .text          0x0000000000109086      0x176 binaries/ethwrite.o
                0x0000000000109086                ethwrite
 .text          0x00000000001091fc       0x9e binaries/rdsbufalloc.o
                0x00000000001091fc                rdsbufalloc
 .text          0x000000000010929a       0xcc binaries/rdsclose.o
                0x000000000010929a                rdsclose
 .text          0x0000000000109366        0xa binaries/rdscomm.o
                0x0000000000109366                rdscomm
 .text          0x0000000000109370      0x234 binaries/rdscontrol.o
                0x0000000000109370                rdscontrol
 .text          0x00000000001095a4      0x1f3 binaries/rdsinit.o
                0x00000000001095a4                rdsinit
 .text          0x0000000000109797      0x19b binaries/rdsopen.o
                0x0000000000109797                rdsopen
 .text          0x0000000000109932      0x461 binaries/rdsprocess.o
                0x0000000000109932                rdsprocess
 .text          0x0000000000109d93      0x25b binaries/rdsread.o
                0x0000000000109d93                rdsread
 .text          0x0000000000109fee      0x1fb binaries/rdswrite.o
                0x0000000000109fee                rdswrite
 .text          0x000000000010a1e9        0xa binaries/ramclose.o
                0x000000000010a1e9                ramclose
 .text          0x000000000010a1f3       0x3e binaries/raminit.o
                0x000000000010a1f3                raminit
 .text          0x000000000010a231        0xa binaries/ramopen.o
                0x000000000010a231                ramopen
 .text          0x000000000010a23b       0x32 binaries/ramread.o
                0x000000000010a23b                ramread
 .text          0x000000000010a26d       0x32 binaries/ramwrite.o
                0x000000000010a26d                ramwrite
 .text          0x000000000010a29f       0x98 binaries/lfdballoc.o
                0x000000000010a29f                lfdballoc
 .text          0x000000000010a337       0x58 binaries/lfdbfree.o
                0x000000000010a337                lfdbfree
 .text          0x000000000010a38f       0xb6 binaries/lfflush.o
                0x000000000010a38f                lfflush
 .text          0x000000000010a445       0xd8 binaries/lfgetmode.o
                0x000000000010a445                lfgetmode
 .text          0x000000000010a51d       0x68 binaries/lfiballoc.o
                0x000000000010a51d                lfiballoc
 .text          0x000000000010a585       0x3b binaries/lfibclear.o
                0x000000000010a585                lfibclear
 .text          0x000000000010a5c0       0xad binaries/lfibget.o
                0x000000000010a5c0                lfibget
 .text          0x000000000010a66d       0xdc binaries/lfibput.o
                0x000000000010a66d                lfibput
 .text          0x000000000010a749       0xa2 binaries/lflclose.o
                0x000000000010a749                lflclose
 .text          0x000000000010a7eb       0xd0 binaries/lflcontrol.o
                0x000000000010a7eb                lflcontrol
 .text          0x000000000010a8bb       0xf2 binaries/lflgetc.o
                0x000000000010a8bb                lflgetc
 .text          0x000000000010a9ad       0xf0 binaries/lflinit.o
                0x000000000010a9ad                lflinit
 .text          0x000000000010aa9d      0x122 binaries/lflputc.o
                0x000000000010aa9d                lflputc
 .text          0x000000000010abbf       0x70 binaries/lflread.o
                0x000000000010abbf                lflread
 .text          0x000000000010ac2f       0xac binaries/lflseek.o
                0x000000000010ac2f                lflseek
 .text          0x000000000010acdb       0x55 binaries/lflwrite.o
                0x000000000010acdb                lflwrite
 .text          0x000000000010ad30       0x62 binaries/lfscheck.o
                0x000000000010ad30                lfscheck
 .text          0x000000000010ad92      0x175 binaries/lfsckfmt.o
                0x000000000010ad92                lfsckfmt
 .text          0x000000000010af07      0x1af binaries/lfscreate.o
                0x000000000010af07                lfscreate
 .text          0x000000000010b0b6      0x27f binaries/lfsetup.o
                0x000000000010b0b6                lfsetup
 .text          0x000000000010b335       0x51 binaries/lfsinit.o
                0x000000000010b335                lfsinit
 .text          0x000000000010b386      0x3c2 binaries/lfsopen.o
                0x000000000010b386                lfsopen
 .text          0x000000000010b748      0x15e binaries/lftruncate.o
                0x000000000010b748                lftruncate
 .text          0x000000000010b8a6       0x71 binaries/rflclose.o
                0x000000000010b8a6                rflclose
 .text          0x000000000010b917       0x32 binaries/rflgetc.o
                0x000000000010b917                rflgetc
 .text          0x000000000010b949       0x78 binaries/rflinit.o
                0x000000000010b949                rflinit
 .text          0x000000000010b9c1       0x33 binaries/rflputc.o
                0x000000000010b9c1                rflputc
 .text          0x000000000010b9f4      0x35e binaries/rflread.o
                0x000000000010b9f4                rflread
 .text          0x000000000010bd52       0x74 binaries/rflseek.o
                0x000000000010bd52                rflseek
 .text          0x000000000010bdc6      0x34d binaries/rflwrite.o
                0x000000000010bdc6                rflwrite
 .text          0x000000000010c113        0xa binaries/rfscomm.o
                0x000000000010c113                rfscomm
 .text          0x000000000010c11d      0x273 binaries/rfscontrol.o
                0x000000000010c11d                rfscontrol
 .text          0x000000000010c390       0xd8 binaries/rfsgetmode.o
                0x000000000010c390                rfsgetmode
 .text          0x000000000010c468       0x86 binaries/rfsinit.o
                0x000000000010c468                rfsinit
 .text          0x000000000010c4ee      0x111 binaries/rfsndmsg.o
                0x000000000010c4ee                rfsndmsg
 .text          0x000000000010c5ff      0x2ab binaries/rfsopen.o
                0x000000000010c5ff                rfsopen
 .text          0x000000000010c8aa      0x2a2 binaries/bootipv6.o
                0x000000000010c8aa                bootipv6
                0x000000000010c92e                get_link_local
                0x000000000010c9d3                get_snm_addr
                0x000000000010ca30                get_mac_snm
                0x000000000010ca85                print_addr
 .text          0x000000000010cb4c        0xa binaries/dns.o
                0x000000000010cb4c                dnslookup
 .text          0x000000000010cb56       0xea binaries/dot2ip.o
                0x000000000010cb56                dot2ip
 .text          0x000000000010cc40      0x4c4 binaries/hexdump.o
                0x000000000010cc40                hexdump
                0x000000000010cde7                hexadump
 .text          0x000000000010d104       0x35 binaries/ipv6.o
                0x000000000010d104                ipv6_in
 .text          0x000000000010d139      0xaa4 binaries/net.o
                0x000000000010d139                net_init
                0x000000000010d720                netin
                0x000000000010d82c                rawin
                0x000000000010daf3                eth_hton
                0x000000000010db1e                eth_ntoh
                0x000000000010db49                getport
 .text          0x000000000010dbdd      0x25e binaries/pdump.o
                0x000000000010dbdd                pdump
                0x000000000010dd47                pdumph
 .text          0x000000000010de3b      0x1dd binaries/print6.o
                0x000000000010de3b                print6
 .text          0x000000000010e018      0x232 binaries/sendipv6pkt.o
                0x000000000010e018                fillEthernet
                0x000000000010e0ac                fillIPdatagram
                0x000000000010e125                fillICMP
                0x000000000010e172                sendipv6pkt
 .text          0x000000000010e24a       0x6f binaries/udp.o
                0x000000000010e24a                udp_init
                0x000000000010e250                udp_in
                0x000000000010e256                udp_register
                0x000000000010e271                udp_recv
                0x000000000010e27b                udp_recvaddr
                0x000000000010e285                udp_send
                0x000000000010e28f                udp_sendto
                0x000000000010e2a3                udp_release
                0x000000000010e2ad                udp_ntoh
                0x000000000010e2b3                udp_hton
 .text          0x000000000010e2b9      0x13b binaries/addargs.o
                0x000000000010e2b9                addargs
 .text          0x000000000010e3f4      0x2c7 binaries/lexan.o
                0x000000000010e3f4                lexan
 .text          0x000000000010e6bb      0x672 binaries/shell.o
                0x000000000010e6bb                shell
 .text          0x000000000010ed2d       0x69 binaries/xsh_argecho.o
                0x000000000010ed2d                xsh_argecho
 .text          0x000000000010ed96        0xa binaries/xsh_arp.o
                0x000000000010ed96                xsh_arp
 .text          0x000000000010eda0      0x269 binaries/xsh_cat.o
                0x000000000010eda0                xsh_cat
 .text          0x000000000010f009       0x5d binaries/xsh_clear.o
                0x000000000010f009                xsh_clear
 .text          0x000000000010f066      0x2f2 binaries/xsh_date.o
                0x000000000010f066                xsh_date
 .text          0x000000000010f358       0xad binaries/xsh_devdump.o
                0x000000000010f358                xsh_devdump
 .text          0x000000000010f405       0x72 binaries/xsh_echo.o
                0x000000000010f405                xsh_echo
 .text          0x000000000010f477        0xa binaries/xsh_exit.o
                0x000000000010f477                xsh_exit
 .text          0x000000000010f481      0x387 binaries/xsh_help.o
                0x000000000010f481                xsh_help
 .text          0x000000000010f808      0x244 binaries/xsh_kill.o
                0x000000000010f808                xsh_kill
 .text          0x000000000010fa4c      0x53d binaries/xsh_memdump.o
                0x000000000010fa4c                xsh_memdump
 .text          0x000000000010ff89      0x2ae binaries/xsh_memstat.o
                0x000000000010ff89                xsh_memstat
 .text          0x0000000000110237      0x171 binaries/xsh_netinfo.o
                0x0000000000110237                xsh_netinfo
 .text          0x00000000001103a8      0x1e8 binaries/xsh_pdump.o
                0x00000000001103a8                xsh_pdump
 .text          0x0000000000110590        0xa binaries/xsh_ping.o
                0x0000000000110590                xsh_ping
 .text          0x000000000011059a      0x226 binaries/xsh_ps.o
                0x000000000011059a                xsh_ps
 .text          0x00000000001107c0      0x3f0 binaries/xsh_sendpkt.o
                0x00000000001107c0                xsh_sendpkt
                0x000000000011094c                charToHex
                0x0000000000110aa5                printPacket
 .text          0x0000000000110bb0      0x220 binaries/xsh_sleep.o
                0x0000000000110bb0                xsh_sleep
 .text          0x0000000000110dd0      0x3bb binaries/xsh_sp.o
                0x0000000000110dd0                xsh_sp
 .text          0x000000000011118b        0xa binaries/xsh_udpdump.o
                0x000000000011118b                xsh_udpdump
 .text          0x0000000000111195        0xa binaries/xsh_udpecho.o
                0x0000000000111195                xsh_udpecho
 .text          0x000000000011119f        0xa binaries/xsh_udpserver.o
                0x000000000011119f                xsh_udpeserver
 .text          0x00000000001111a9      0x1f1 binaries/xsh_uptime.o
                0x00000000001111a9                xsh_uptime
 .text          0x000000000011139a        0xe binaries/clkdisp.o
                0x000000000011139a                clkdisp
 .text          0x00000000001113a8       0x19 binaries/ctxsw.o
                0x00000000001113a8                ctxsw
 .text          0x00000000001113c1      0x30a binaries/intr.o
                0x00000000001113c1                disable
                0x00000000001113ca                restore
                0x00000000001113d8                enable
                0x00000000001113da                pause
                0x00000000001113e1                halt
                0x00000000001113e4                spurious_irq7
                0x00000000001113e9                spurious_irq15
                0x00000000001113f8                _Xint0
                0x0000000000111400                _Xint1
                0x0000000000111408                _Xint2
                0x0000000000111410                _Xint3
                0x0000000000111418                _Xint4
                0x0000000000111420                _Xint5
                0x000000000011142b                _Xint6
                0x0000000000111433                _Xint7
                0x000000000011143b                _Xint8
                0x0000000000111443                _Xint9
                0x000000000011144b                _Xint10
                0x0000000000111453                _Xint11
                0x000000000011145b                _Xint12
                0x0000000000111463                _Xint13
                0x000000000011146b                _Xint14
                0x0000000000111476                _Xint15
                0x0000000000111481                _Xint16
                0x000000000011148c                _Xint17
                0x0000000000111497                _Xint18
                0x00000000001114a2                _Xint19
                0x00000000001114ad                _Xint20
                0x00000000001114b8                _Xint21
                0x00000000001114c3                _Xint22
                0x00000000001114ce                _Xint23
                0x00000000001114d9                _Xint24
                0x00000000001114e4                _Xint25
                0x00000000001114ef                _Xint26
                0x00000000001114fa                _Xint27
                0x0000000000111505                _Xint28
                0x0000000000111510                _Xint29
                0x000000000011151b                _Xint30
                0x0000000000111526                _Xint31
                0x0000000000111531                _extint
                0x0000000000111545                _Xint32
                0x0000000000111551                _Xint33
                0x000000000011155d                _Xint34
                0x0000000000111569                _Xint35
                0x0000000000111575                _Xint36
                0x0000000000111581                _Xint37
                0x000000000011158d                _Xint38
                0x0000000000111599                _Xint39
                0x00000000001115a5                _Xint40
                0x00000000001115b1                _Xint41
                0x00000000001115c0                _Xint42
                0x00000000001115cf                _Xint43
                0x00000000001115de                _Xint44
                0x00000000001115ed                _Xint45
                0x00000000001115fc                _Xint46
                0x000000000011160b                defevec
 .text          0x00000000001116cb        0xf binaries/ttydispatch.o
                0x00000000001116cb                ttydispatch
 .text          0x00000000001116da       0x13 binaries/ethdispatch.o
                0x00000000001116da                ethdispatch
 *(.rodata .rodata.*)
 *fill*         0x00000000001116ed        0x3 
 .rodata        0x00000000001116f0       0x8e binaries/ascdate.o
 .rodata        0x000000000011177e       0xae binaries/conf.o
 .rodata        0x000000000011182c       0x83 binaries/early_imr.o
 *fill*         0x00000000001118af        0x1 
 .rodata        0x00000000001118b0      0x231 binaries/evec.o
 *fill*         0x0000000000111ae1        0x3 
 .rodata        0x0000000000111ae4      0x138 binaries/initialize.o
 .rodata        0x0000000000111c1c       0x20 binaries/kill.o
 .rodata        0x0000000000111c3c       0x2a binaries/main.o
 *fill*         0x0000000000111c66        0x2 
 .rodata        0x0000000000111c68       0x3e binaries/meminit.o
 .rodata        0x0000000000111ca6        0xf binaries/panic.o
 *fill*         0x0000000000111cb5        0x3 
 .rodata        0x0000000000111cb8       0x20 binaries/pci.o
 .rodata        0x0000000000111cd8       0x1d binaries/ptinit.o
 *fill*         0x0000000000111cf5        0x3 
 .rodata        0x0000000000111cf8       0x25 binaries/ptsend.o
 .rodata        0x0000000000111d1d       0x22 binaries/quark_pdat.o
 *fill*         0x0000000000111d3f        0x1 
 .rodata        0x0000000000111d40       0xb7 binaries/stacktrace.o
 *fill*         0x0000000000111df7        0x1 
 .rodata        0x0000000000111df8       0x27 binaries/xdone.o
 *fill*         0x0000000000111e1f        0x1 
 .rodata        0x0000000000111e20       0x81 binaries/ctype_.o
                0x0000000000111e20                _ctype_
 *fill*         0x0000000000111ea1        0x3 
 .rodata        0x0000000000111ea4       0xee binaries/doprnt.o
 *fill*         0x0000000000111f92        0x2 
 .rodata        0x0000000000111f94       0x98 binaries/doscan.o
 .rodata        0x000000000011202c       0xae binaries/fdoprnt.o
 *fill*         0x00000000001120da        0x2 
 .rodata        0x00000000001120dc       0x20 binaries/ttycontrol.o
 .rodata        0x00000000001120fc       0x34 binaries/ttyhandler.o
 .rodata        0x0000000000112130       0x80 binaries/naminit.o
 .rodata        0x00000000001121b0       0x52 binaries/ethinit.o
 *fill*         0x0000000000112202        0x2 
 .rodata        0x0000000000112204       0x2c binaries/rdsbufalloc.o
 .rodata        0x0000000000112230       0x48 binaries/rdscontrol.o
 .rodata        0x0000000000112278       0x96 binaries/rdsinit.o
 *fill*         0x000000000011230e        0x2 
 .rodata        0x0000000000112310       0x22 binaries/rdsopen.o
 *fill*         0x0000000000112332        0x2 
 .rodata        0x0000000000112334       0x4d binaries/rdsprocess.o
 .rodata        0x0000000000112381        0x9 binaries/raminit.o
 *fill*         0x000000000011238a        0x2 
 .rodata        0x000000000011238c       0x37 binaries/lfdballoc.o
 .rodata        0x00000000001123c3       0x14 binaries/lfiballoc.o
 *fill*         0x00000000001123d7        0x1 
 .rodata        0x00000000001123d8       0x23 binaries/lflcontrol.o
 *fill*         0x00000000001123fb        0x1 
 .rodata        0x00000000001123fc      0x11b binaries/lfsckfmt.o
 *fill*         0x0000000000112517        0x1 
 .rodata        0x0000000000112518       0x2a binaries/lfsopen.o
 *fill*         0x0000000000112542        0x2 
 .rodata        0x0000000000112544       0x21 binaries/rflread.o
 *fill*         0x0000000000112565        0x3 
 .rodata        0x0000000000112568       0x21 binaries/rflwrite.o
 *fill*         0x0000000000112589        0x3 
 .rodata        0x000000000011258c       0x3c binaries/rfscontrol.o
 .rodata        0x00000000001125c8       0x63 binaries/rfsinit.o
 *fill*         0x000000000011262b        0x1 
 .rodata        0x000000000011262c       0x2a binaries/rfsndmsg.o
 *fill*         0x0000000000112656        0x2 
 .rodata        0x0000000000112658       0x22 binaries/rfsopen.o
 *fill*         0x000000000011267a        0x2 
 .rodata        0x000000000011267c       0x46 binaries/bootipv6.o
 *fill*         0x00000000001126c2        0x2 
 .rodata        0x00000000001126c4       0xc9 binaries/hexdump.o
 .rodata        0x000000000011278d       0x16 binaries/ipv6.o
 *fill*         0x00000000001127a3        0x1 
 .rodata        0x00000000001127a4      0x187 binaries/net.o
 *fill*         0x000000000011292b        0x1 
 .rodata        0x000000000011292c       0x6d binaries/pdump.o
 .rodata        0x0000000000112999       0xb1 binaries/print6.o
 .rodata        0x0000000000112a4a       0x6a binaries/sendipv6pkt.o
 *fill*         0x0000000000112ab4        0xc 
 .rodata        0x0000000000112ac0      0x405 binaries/shell.o
                0x0000000000112b60                cmdtab
 .rodata        0x0000000000112ec5       0x28 binaries/xsh_argecho.o
 *fill*         0x0000000000112eed        0x3 
 .rodata        0x0000000000112ef0       0xc9 binaries/xsh_cat.o
 .rodata        0x0000000000112fb9       0x19 binaries/xsh_clear.o
 *fill*         0x0000000000112fd2        0x2 
 .rodata        0x0000000000112fd4      0x1c3 binaries/xsh_date.o
 .rodata        0x0000000000113197       0x5d binaries/xsh_devdump.o
 .rodata        0x00000000001131f4        0x9 binaries/xsh_echo.o
 *fill*         0x00000000001131fd        0x3 
 .rodata        0x0000000000113200      0x169 binaries/xsh_help.o
 *fill*         0x0000000000113369        0x3 
 .rodata        0x000000000011336c      0x12e binaries/xsh_kill.o
 *fill*         0x000000000011349a        0x2 
 .rodata        0x000000000011349c      0x266 binaries/xsh_memdump.o
 *fill*         0x0000000000113702        0x2 
 .rodata        0x0000000000113704      0x225 binaries/xsh_memstat.o
 *fill*         0x0000000000113929        0x3 
 .rodata        0x000000000011392c       0x80 binaries/xsh_netinfo.o
 .rodata        0x00000000001139ac       0xd1 binaries/xsh_pdump.o
 *fill*         0x0000000000113a7d        0x3 
 .rodata        0x0000000000113a80      0x1e0 binaries/xsh_ps.o
 .rodata        0x0000000000113c60      0x14e binaries/xsh_sendpkt.o
 *fill*         0x0000000000113dae        0x2 
 .rodata        0x0000000000113db0       0xeb binaries/xsh_sleep.o
 *fill*         0x0000000000113e9b        0x1 
 .rodata        0x0000000000113e9c      0x252 binaries/xsh_sp.o
 *fill*         0x00000000001140ee        0x2 
 .rodata        0x00000000001140f0      0x105 binaries/xsh_uptime.o
                0x00000000001141f5                etext = ABSOLUTE (.)
                0x0000000000115000                . = ALIGN (0x1000)
 *fill*         0x00000000001141f5      0xe0b 

.eh_frame       0x0000000000115000     0x29b8
 .eh_frame      0x0000000000115000       0x38 binaries/ascdate.o
 .eh_frame      0x0000000000115038       0x20 binaries/bufinit.o
                                         0x38 (size before relaxing)
 .eh_frame      0x0000000000115058       0x20 binaries/checksum6.o
                                         0x38 (size before relaxing)
 .eh_frame      0x0000000000115078       0x20 binaries/chprio.o
                                         0x38 (size before relaxing)
 .eh_frame      0x0000000000115098       0x20 binaries/clkhandler.o
                                         0x38 (size before relaxing)
 .eh_frame      0x00000000001150b8       0x20 binaries/clkinit.o
                                         0x38 (size before relaxing)
 .eh_frame      0x00000000001150d8       0x20 binaries/close.o
                                         0x38 (size before relaxing)
 .eh_frame      0x00000000001150f8       0x20 binaries/control.o
                                         0x38 (size before relaxing)
 .eh_frame      0x0000000000115118       0x40 binaries/create.o
                                         0x58 (size before relaxing)
 .eh_frame      0x0000000000115158      0x104 binaries/early_imr.o
                                        0x11c (size before relaxing)
 .eh_frame      0x000000000011525c       0xe0 binaries/evec.o
                                         0xf8 (size before relaxing)
 .eh_frame      0x000000000011533c       0x20 binaries/exit.o
                                         0x38 (size before relaxing)
 .eh_frame      0x000000000011535c       0x20 binaries/freebuf.o
                                         0x38 (size before relaxing)
 .eh_frame      0x000000000011537c       0x20 binaries/freemem.o
                                         0x38 (size before relaxing)
 .eh_frame      0x000000000011539c       0x20 binaries/getbuf.o
                                         0x38 (size before relaxing)
 .eh_frame      0x00000000001153bc       0x20 binaries/getc.o
                                         0x38 (size before relaxing)
 .eh_frame      0x00000000001153dc       0x20 binaries/getdev.o
                                         0x38 (size before relaxing)
 .eh_frame      0x00000000001153fc       0x60 binaries/getitem.o
                                         0x78 (size before relaxing)
 .eh_frame      0x000000000011545c       0x20 binaries/getmem.o
                                         0x38 (size before relaxing)
 .eh_frame      0x000000000011547c       0x20 binaries/getpid.o
                                         0x38 (size before relaxing)
 .eh_frame      0x000000000011549c       0x20 binaries/getprio.o
                                         0x38 (size before relaxing)
 .eh_frame      0x00000000001154bc       0x20 binaries/getstk.o
                                         0x38 (size before relaxing)
 .eh_frame      0x00000000001154dc       0x20 binaries/getticks.o
                                         0x38 (size before relaxing)
 .eh_frame      0x00000000001154fc       0x20 binaries/gettime.o
                                         0x38 (size before relaxing)
 .eh_frame      0x000000000011551c       0x20 binaries/getutime.o
                                         0x38 (size before relaxing)
 .eh_frame      0x000000000011553c       0x20 binaries/init.o
                                         0x38 (size before relaxing)
 .eh_frame      0x000000000011555c       0x9c binaries/initialize.o
                                         0xb4 (size before relaxing)
 .eh_frame      0x00000000001155f8       0x20 binaries/insert.o
                                         0x38 (size before relaxing)
 .eh_frame      0x0000000000115618       0x20 binaries/insertd.o
                                         0x38 (size before relaxing)
 .eh_frame      0x0000000000115638       0x20 binaries/ioerr.o
                                         0x38 (size before relaxing)
 .eh_frame      0x0000000000115658       0x20 binaries/ionull.o
                                         0x38 (size before relaxing)
 .eh_frame      0x0000000000115678       0x20 binaries/kill.o
                                         0x38 (size before relaxing)
 .eh_frame      0x0000000000115698       0x60 binaries/kprintf.o
                                         0x78 (size before relaxing)
 .eh_frame      0x00000000001156f8       0x24 binaries/main.o
                                         0x3c (size before relaxing)
 .eh_frame      0x000000000011571c       0x40 binaries/mark.o
                                         0x58 (size before relaxing)
 .eh_frame      0x000000000011575c       0x44 binaries/meminit.o
                                         0x5c (size before relaxing)
 .eh_frame      0x00000000001157a0       0x20 binaries/mkbufpool.o
                                         0x38 (size before relaxing)
 .eh_frame      0x00000000001157c0       0x20 binaries/newqueue.o
                                         0x38 (size before relaxing)
 .eh_frame      0x00000000001157e0       0x20 binaries/open.o
                                         0x38 (size before relaxing)
 .eh_frame      0x0000000000115800       0x1c binaries/panic.o
                                         0x34 (size before relaxing)
 .eh_frame      0x000000000011581c      0x1e0 binaries/pci.o
                                        0x1f8 (size before relaxing)
 .eh_frame      0x00000000001159fc       0x60 binaries/platinit.o
                                         0x78 (size before relaxing)
 .eh_frame      0x0000000000115a5c       0x20 binaries/ptclear.o
                                         0x38 (size before relaxing)
 .eh_frame      0x0000000000115a7c       0x20 binaries/ptcount.o
                                         0x38 (size before relaxing)
 .eh_frame      0x0000000000115a9c       0x20 binaries/ptcreate.o
                                         0x38 (size before relaxing)
 .eh_frame      0x0000000000115abc       0x20 binaries/ptdelete.o
                                         0x38 (size before relaxing)
 .eh_frame      0x0000000000115adc       0x20 binaries/ptinit.o
                                         0x38 (size before relaxing)
 .eh_frame      0x0000000000115afc       0x20 binaries/ptrecv.o
                                         0x38 (size before relaxing)
 .eh_frame      0x0000000000115b1c       0x20 binaries/ptreset.o
                                         0x38 (size before relaxing)
 .eh_frame      0x0000000000115b3c       0x20 binaries/ptsend.o
                                         0x38 (size before relaxing)
 .eh_frame      0x0000000000115b5c       0x20 binaries/putc.o
                                         0x38 (size before relaxing)
 .eh_frame      0x0000000000115b7c       0x20 binaries/quark_irq.o
                                         0x38 (size before relaxing)
 .eh_frame      0x0000000000115b9c       0x40 binaries/quark_pdat.o
                                         0x58 (size before relaxing)
 .eh_frame      0x0000000000115bdc       0x40 binaries/queue.o
                                         0x58 (size before relaxing)
 .eh_frame      0x0000000000115c1c       0x20 binaries/read.o
                                         0x38 (size before relaxing)
 .eh_frame      0x0000000000115c3c       0x24 binaries/ready.o
                                         0x3c (size before relaxing)
 .eh_frame      0x0000000000115c60       0x20 binaries/receive.o
                                         0x38 (size before relaxing)
 .eh_frame      0x0000000000115c80       0x20 binaries/recvclr.o
                                         0x38 (size before relaxing)
 .eh_frame      0x0000000000115ca0       0x20 binaries/recvtime.o
                                         0x38 (size before relaxing)
 .eh_frame      0x0000000000115cc0       0x40 binaries/resched.o
                                         0x58 (size before relaxing)
 .eh_frame      0x0000000000115d00       0x20 binaries/resume.o
                                         0x38 (size before relaxing)
 .eh_frame      0x0000000000115d20       0x20 binaries/seek.o
                                         0x38 (size before relaxing)
 .eh_frame      0x0000000000115d40       0x20 binaries/semcount.o
                                         0x38 (size before relaxing)
 .eh_frame      0x0000000000115d60       0x40 binaries/semcreate.o
                                         0x58 (size before relaxing)
 .eh_frame      0x0000000000115da0       0x20 binaries/semdelete.o
                                         0x38 (size before relaxing)
 .eh_frame      0x0000000000115dc0       0x20 binaries/semreset.o
                                         0x38 (size before relaxing)
 .eh_frame      0x0000000000115de0       0x20 binaries/send.o
                                         0x38 (size before relaxing)
 .eh_frame      0x0000000000115e00       0x20 binaries/signal.o
                                         0x38 (size before relaxing)
 .eh_frame      0x0000000000115e20       0x20 binaries/signaln.o
                                         0x38 (size before relaxing)
 .eh_frame      0x0000000000115e40       0x40 binaries/sleep.o
                                         0x58 (size before relaxing)
 .eh_frame      0x0000000000115e80       0x20 binaries/stacktrace.o
                                         0x38 (size before relaxing)
 .eh_frame      0x0000000000115ea0       0x20 binaries/suspend.o
                                         0x38 (size before relaxing)
 .eh_frame      0x0000000000115ec0       0x20 binaries/unsleep.o
                                         0x38 (size before relaxing)
 .eh_frame      0x0000000000115ee0       0x20 binaries/userret.o
                                         0x38 (size before relaxing)
 .eh_frame      0x0000000000115f00       0x20 binaries/wait.o
                                         0x38 (size before relaxing)
 .eh_frame      0x0000000000115f20       0x20 binaries/wakeup.o
                                         0x38 (size before relaxing)
 .eh_frame      0x0000000000115f40       0x20 binaries/write.o
                                         0x38 (size before relaxing)
 .eh_frame      0x0000000000115f60       0x20 binaries/xdone.o
                                         0x38 (size before relaxing)
 .eh_frame      0x0000000000115f80       0x20 binaries/yield.o
                                         0x38 (size before relaxing)
 .eh_frame      0x0000000000115fa0       0x20 binaries/abs.o
                                         0x38 (size before relaxing)
 .eh_frame      0x0000000000115fc0       0x20 binaries/atoi.o
                                         0x38 (size before relaxing)
 .eh_frame      0x0000000000115fe0       0x20 binaries/atol.o
                                         0x38 (size before relaxing)
 .eh_frame      0x0000000000116000       0x20 binaries/bzero.o
                                         0x38 (size before relaxing)
 .eh_frame      0x0000000000116020       0xe0 binaries/doprnt.o
                                         0xf8 (size before relaxing)
 .eh_frame      0x0000000000116100       0xac binaries/doscan.o
                                         0xc4 (size before relaxing)
 .eh_frame      0x00000000001161ac       0xc0 binaries/fdoprnt.o
                                         0xd8 (size before relaxing)
 .eh_frame      0x000000000011626c       0x20 binaries/fgetc.o
                                         0x38 (size before relaxing)
 .eh_frame      0x000000000011628c       0x20 binaries/fgets.o
                                         0x38 (size before relaxing)
 .eh_frame      0x00000000001162ac       0x20 binaries/fprintf.o
                                         0x38 (size before relaxing)
 .eh_frame      0x00000000001162cc       0x20 binaries/fputc.o
                                         0x38 (size before relaxing)
 .eh_frame      0x00000000001162ec       0x20 binaries/fputs.o
                                         0x38 (size before relaxing)
 .eh_frame      0x000000000011630c       0x60 binaries/fscanf.o
                                         0x78 (size before relaxing)
 .eh_frame      0x000000000011636c       0x20 binaries/getchar.o
                                         0x38 (size before relaxing)
 .eh_frame      0x000000000011638c       0x20 binaries/labs.o
                                         0x38 (size before relaxing)
 .eh_frame      0x00000000001163ac       0x20 binaries/memcmp.o
                                         0x38 (size before relaxing)
 .eh_frame      0x00000000001163cc       0x24 binaries/memcpy.o
                                         0x3c (size before relaxing)
 .eh_frame      0x00000000001163f0       0x24 binaries/memset.o
                                         0x3c (size before relaxing)
 .eh_frame      0x0000000000116414       0x20 binaries/printf.o
                                         0x38 (size before relaxing)
 .eh_frame      0x0000000000116434       0x20 binaries/putchar.o
                                         0x38 (size before relaxing)
 .eh_frame      0x0000000000116454       0xa4 binaries/qsort.o
                                         0xbc (size before relaxing)
 .eh_frame      0x00000000001164f8       0x60 binaries/rand.o
                                         0x78 (size before relaxing)
 .eh_frame      0x0000000000116558       0x40 binaries/sprintf.o
                                         0x58 (size before relaxing)
 .eh_frame      0x0000000000116598       0x60 binaries/sscanf.o
                                         0x78 (size before relaxing)
 .eh_frame      0x00000000001165f8       0x20 binaries/strchr.o
                                         0x38 (size before relaxing)
 .eh_frame      0x0000000000116618       0x20 binaries/strcmp.o
                                         0x38 (size before relaxing)
 .eh_frame      0x0000000000116638       0x20 binaries/strcpy.o
                                         0x38 (size before relaxing)
 .eh_frame      0x0000000000116658       0x20 binaries/strlen.o
                                         0x38 (size before relaxing)
 .eh_frame      0x0000000000116678       0x20 binaries/strncat.o
                                         0x38 (size before relaxing)
 .eh_frame      0x0000000000116698       0x20 binaries/strncmp.o
                                         0x38 (size before relaxing)
 .eh_frame      0x00000000001166b8       0x28 binaries/strncpy.o
                                         0x40 (size before relaxing)
 .eh_frame      0x00000000001166e0       0x20 binaries/strnlen.o
                                         0x38 (size before relaxing)
 .eh_frame      0x0000000000116700       0x20 binaries/strrchr.o
                                         0x38 (size before relaxing)
 .eh_frame      0x0000000000116720       0x20 binaries/strstr.o
                                         0x38 (size before relaxing)
 .eh_frame      0x0000000000116740       0x20 binaries/ttycontrol.o
                                         0x38 (size before relaxing)
 .eh_frame      0x0000000000116760       0x20 binaries/ttygetc.o
                                         0x38 (size before relaxing)
 .eh_frame      0x0000000000116780       0x80 binaries/ttyhandle_in.o
                                         0x98 (size before relaxing)
 .eh_frame      0x0000000000116800       0x20 binaries/ttyhandle_out.o
                                         0x38 (size before relaxing)
 .eh_frame      0x0000000000116820       0x20 binaries/ttyhandler.o
                                         0x38 (size before relaxing)
 .eh_frame      0x0000000000116840       0x20 binaries/ttyinit.o
                                         0x38 (size before relaxing)
 .eh_frame      0x0000000000116860       0x20 binaries/ttykickout.o
                                         0x38 (size before relaxing)
 .eh_frame      0x0000000000116880       0x20 binaries/ttyputc.o
                                         0x38 (size before relaxing)
 .eh_frame      0x00000000001168a0       0x24 binaries/ttyread.o
                                         0x3c (size before relaxing)
 .eh_frame      0x00000000001168c4       0x20 binaries/ttywrite.o
                                         0x38 (size before relaxing)
 .eh_frame      0x00000000001168e4       0x40 binaries/mount.o
                                         0x58 (size before relaxing)
 .eh_frame      0x0000000000116924       0x20 binaries/naminit.o
                                         0x38 (size before relaxing)
 .eh_frame      0x0000000000116944       0x60 binaries/nammap.o
                                         0x78 (size before relaxing)
 .eh_frame      0x00000000001169a4       0x20 binaries/namopen.o
                                         0x38 (size before relaxing)
 .eh_frame      0x00000000001169c4       0x20 binaries/ethcontrol.o
                                         0x38 (size before relaxing)
 .eh_frame      0x00000000001169e4       0x20 binaries/ethhandler.o
                                         0x38 (size before relaxing)
 .eh_frame      0x0000000000116a04       0x9c binaries/ethinit.o
                                         0xb4 (size before relaxing)
 .eh_frame      0x0000000000116aa0       0x40 binaries/ethmcast.o
                                         0x58 (size before relaxing)
 .eh_frame      0x0000000000116ae0       0x20 binaries/ethread.o
                                         0x38 (size before relaxing)
 .eh_frame      0x0000000000116b00       0x20 binaries/ethwrite.o
                                         0x38 (size before relaxing)
 .eh_frame      0x0000000000116b20       0x20 binaries/rdsbufalloc.o
                                         0x38 (size before relaxing)
 .eh_frame      0x0000000000116b40       0x20 binaries/rdsclose.o
                                         0x38 (size before relaxing)
 .eh_frame      0x0000000000116b60       0x20 binaries/rdscomm.o
                                         0x38 (size before relaxing)
 .eh_frame      0x0000000000116b80       0x20 binaries/rdscontrol.o
                                         0x38 (size before relaxing)
 .eh_frame      0x0000000000116ba0       0x20 binaries/rdsinit.o
                                         0x38 (size before relaxing)
 .eh_frame      0x0000000000116bc0       0x20 binaries/rdsopen.o
                                         0x38 (size before relaxing)
 .eh_frame      0x0000000000116be0       0x1c binaries/rdsprocess.o
                                         0x34 (size before relaxing)
 .eh_frame      0x0000000000116bfc       0x20 binaries/rdsread.o
                                         0x38 (size before relaxing)
 .eh_frame      0x0000000000116c1c       0x20 binaries/rdswrite.o
                                         0x38 (size before relaxing)
 .eh_frame      0x0000000000116c3c       0x20 binaries/ramclose.o
                                         0x38 (size before relaxing)
 .eh_frame      0x0000000000116c5c       0x20 binaries/raminit.o
                                         0x38 (size before relaxing)
 .eh_frame      0x0000000000116c7c       0x20 binaries/ramopen.o
                                         0x38 (size before relaxing)
 .eh_frame      0x0000000000116c9c       0x20 binaries/ramread.o
                                         0x38 (size before relaxing)
 .eh_frame      0x0000000000116cbc       0x20 binaries/ramwrite.o
                                         0x38 (size before relaxing)
 .eh_frame      0x0000000000116cdc       0x20 binaries/lfdballoc.o
                                         0x38 (size before relaxing)
 .eh_frame      0x0000000000116cfc       0x20 binaries/lfdbfree.o
                                         0x38 (size before relaxing)
 .eh_frame      0x0000000000116d1c       0x20 binaries/lfflush.o
                                         0x38 (size before relaxing)
 .eh_frame      0x0000000000116d3c       0x20 binaries/lfgetmode.o
                                         0x38 (size before relaxing)
 .eh_frame      0x0000000000116d5c       0x20 binaries/lfiballoc.o
                                         0x38 (size before relaxing)
 .eh_frame      0x0000000000116d7c       0x20 binaries/lfibclear.o
                                         0x38 (size before relaxing)
 .eh_frame      0x0000000000116d9c       0x20 binaries/lfibget.o
                                         0x38 (size before relaxing)
 .eh_frame      0x0000000000116dbc       0x20 binaries/lfibput.o
                                         0x38 (size before relaxing)
 .eh_frame      0x0000000000116ddc       0x20 binaries/lflclose.o
                                         0x38 (size before relaxing)
 .eh_frame      0x0000000000116dfc       0x20 binaries/lflcontrol.o
                                         0x38 (size before relaxing)
 .eh_frame      0x0000000000116e1c       0x20 binaries/lflgetc.o
                                         0x38 (size before relaxing)
 .eh_frame      0x0000000000116e3c       0x20 binaries/lflinit.o
                                         0x38 (size before relaxing)
 .eh_frame      0x0000000000116e5c       0x20 binaries/lflputc.o
                                         0x38 (size before relaxing)
 .eh_frame      0x0000000000116e7c       0x20 binaries/lflread.o
                                         0x38 (size before relaxing)
 .eh_frame      0x0000000000116e9c       0x20 binaries/lflseek.o
                                         0x38 (size before relaxing)
 .eh_frame      0x0000000000116ebc       0x20 binaries/lflwrite.o
                                         0x38 (size before relaxing)
 .eh_frame      0x0000000000116edc       0x20 binaries/lfscheck.o
                                         0x38 (size before relaxing)
 .eh_frame      0x0000000000116efc       0x20 binaries/lfsckfmt.o
                                         0x38 (size before relaxing)
 .eh_frame      0x0000000000116f1c       0x20 binaries/lfscreate.o
                                         0x38 (size before relaxing)
 .eh_frame      0x0000000000116f3c       0x20 binaries/lfsetup.o
                                         0x38 (size before relaxing)
 .eh_frame      0x0000000000116f5c       0x20 binaries/lfsinit.o
                                         0x38 (size before relaxing)
 .eh_frame      0x0000000000116f7c       0x20 binaries/lfsopen.o
                                         0x38 (size before relaxing)
 .eh_frame      0x0000000000116f9c       0x20 binaries/lftruncate.o
                                         0x38 (size before relaxing)
 .eh_frame      0x0000000000116fbc       0x20 binaries/rflclose.o
                                         0x38 (size before relaxing)
 .eh_frame      0x0000000000116fdc       0x20 binaries/rflgetc.o
                                         0x38 (size before relaxing)
 .eh_frame      0x0000000000116ffc       0x20 binaries/rflinit.o
                                         0x38 (size before relaxing)
 .eh_frame      0x000000000011701c       0x20 binaries/rflputc.o
                                         0x38 (size before relaxing)
 .eh_frame      0x000000000011703c       0x20 binaries/rflread.o
                                         0x38 (size before relaxing)
 .eh_frame      0x000000000011705c       0x20 binaries/rflseek.o
                                         0x38 (size before relaxing)
 .eh_frame      0x000000000011707c       0x20 binaries/rflwrite.o
                                         0x38 (size before relaxing)
 .eh_frame      0x000000000011709c       0x20 binaries/rfscomm.o
                                         0x38 (size before relaxing)
 .eh_frame      0x00000000001170bc       0x20 binaries/rfscontrol.o
                                         0x38 (size before relaxing)
 .eh_frame      0x00000000001170dc       0x20 binaries/rfsgetmode.o
                                         0x38 (size before relaxing)
 .eh_frame      0x00000000001170fc       0x20 binaries/rfsinit.o
                                         0x38 (size before relaxing)
 .eh_frame      0x000000000011711c       0x20 binaries/rfsndmsg.o
                                         0x38 (size before relaxing)
 .eh_frame      0x000000000011713c       0x20 binaries/rfsopen.o
                                         0x38 (size before relaxing)
 .eh_frame      0x000000000011715c       0xa0 binaries/bootipv6.o
                                         0xb8 (size before relaxing)
 .eh_frame      0x00000000001171fc       0x20 binaries/dns.o
                                         0x38 (size before relaxing)
 .eh_frame      0x000000000011721c       0x20 binaries/dot2ip.o
                                         0x38 (size before relaxing)
 .eh_frame      0x000000000011723c       0x40 binaries/hexdump.o
                                         0x58 (size before relaxing)
 .eh_frame      0x000000000011727c       0x20 binaries/ipv6.o
                                         0x38 (size before relaxing)
 .eh_frame      0x000000000011729c       0xc0 binaries/net.o
                                         0xd8 (size before relaxing)
 .eh_frame      0x000000000011735c       0x5c binaries/pdump.o
                                         0x74 (size before relaxing)
 .eh_frame      0x00000000001173b8       0x20 binaries/print6.o
                                         0x38 (size before relaxing)
 .eh_frame      0x00000000001173d8       0x80 binaries/sendipv6pkt.o
                                         0x98 (size before relaxing)
 .eh_frame      0x0000000000117458      0x140 binaries/udp.o
                                        0x158 (size before relaxing)
 .eh_frame      0x0000000000117598       0x20 binaries/addargs.o
                                         0x38 (size before relaxing)
 .eh_frame      0x00000000001175b8       0x20 binaries/lexan.o
                                         0x38 (size before relaxing)
 .eh_frame      0x00000000001175d8       0x20 binaries/shell.o
                                         0x38 (size before relaxing)
 .eh_frame      0x00000000001175f8       0x20 binaries/xsh_argecho.o
                                         0x38 (size before relaxing)
 .eh_frame      0x0000000000117618       0x20 binaries/xsh_arp.o
                                         0x38 (size before relaxing)
 .eh_frame      0x0000000000117638       0x20 binaries/xsh_cat.o
                                         0x38 (size before relaxing)
 .eh_frame      0x0000000000117658       0x20 binaries/xsh_clear.o
                                         0x38 (size before relaxing)
 .eh_frame      0x0000000000117678       0x20 binaries/xsh_date.o
                                         0x38 (size before relaxing)
 .eh_frame      0x0000000000117698       0x20 binaries/xsh_devdump.o
                                         0x38 (size before relaxing)
 .eh_frame      0x00000000001176b8       0x20 binaries/xsh_echo.o
                                         0x38 (size before relaxing)
 .eh_frame      0x00000000001176d8       0x20 binaries/xsh_exit.o
                                         0x38 (size before relaxing)
 .eh_frame      0x00000000001176f8       0x20 binaries/xsh_help.o
                                         0x38 (size before relaxing)
 .eh_frame      0x0000000000117718       0x20 binaries/xsh_kill.o
                                         0x38 (size before relaxing)
 .eh_frame      0x0000000000117738       0x40 binaries/xsh_memdump.o
                                         0x58 (size before relaxing)
 .eh_frame      0x0000000000117778       0x60 binaries/xsh_memstat.o
                                         0x78 (size before relaxing)
 .eh_frame      0x00000000001177d8       0x30 binaries/xsh_netinfo.o
                                         0x48 (size before relaxing)
 .eh_frame      0x0000000000117808       0x24 binaries/xsh_pdump.o
                                         0x3c (size before relaxing)
 .eh_frame      0x000000000011782c       0x20 binaries/xsh_ping.o
                                         0x38 (size before relaxing)
 .eh_frame      0x000000000011784c       0x30 binaries/xsh_ps.o
                                         0x48 (size before relaxing)
 .eh_frame      0x000000000011787c       0x6c binaries/xsh_sendpkt.o
                                         0x84 (size before relaxing)
 .eh_frame      0x00000000001178e8       0x20 binaries/xsh_sleep.o
                                         0x38 (size before relaxing)
 .eh_frame      0x0000000000117908       0x30 binaries/xsh_sp.o
                                         0x48 (size before relaxing)
 .eh_frame      0x0000000000117938       0x20 binaries/xsh_udpdump.o
                                         0x38 (size before relaxing)
 .eh_frame      0x0000000000117958       0x20 binaries/xsh_udpecho.o
                                         0x38 (size before relaxing)
 .eh_frame      0x0000000000117978       0x20 binaries/xsh_udpserver.o
                                         0x38 (size before relaxing)
 .eh_frame      0x0000000000117998       0x20 binaries/xsh_uptime.o
                                         0x38 (size before relaxing)

.iplt           0x00000000001179c0        0x0
 .iplt          0x00000000001179c0        0x0 binaries/start.o

.rel.dyn        0x00000000001179b8        0x0
 .rel.iplt      0x00000000001179b8        0x0 binaries/start.o
 .rel.text      0x00000000001179b8        0x0 binaries/start.o
 .rel.data      0x00000000001179b8        0x0 binaries/start.o
 .rel.rodata    0x00000000001179b8        0x0 binaries/start.o

.data           0x00000000001179c0     0x2640
                0x00000000001179c0                data = ABSOLUTE (.)
 *(.data .data.*)
 .data          0x00000000001179c0      0x83a binaries/start.o
                0x00000000001179c0                gdt
                0x00000000001179f0                idt
                0x00000000001181f6                cpudelay
 *fill*         0x00000000001181fa        0x6 
 .data          0x0000000000118200       0x88 binaries/ascdate.o
                0x0000000000118200                Date
 .data          0x0000000000118288        0x0 binaries/bufinit.o
 .data          0x0000000000118288        0x0 binaries/checksum6.o
 .data          0x0000000000118288        0x0 binaries/chprio.o
 .data          0x0000000000118288        0x4 binaries/clkhandler.o
 .data          0x000000000011828c        0x4 binaries/clkinit.o
                0x000000000011828c                hpet
 .data          0x0000000000118290        0x0 binaries/close.o
 *fill*         0x0000000000118290       0x10 
 .data          0x00000000001182a0      0x5a0 binaries/conf.o
                0x00000000001182a0                devtab
 .data          0x0000000000118840        0x0 binaries/control.o
 .data          0x0000000000118840        0x4 binaries/create.o
 .data          0x0000000000118844        0x0 binaries/early_imr.o
 *fill*         0x0000000000118844       0x1c 
 .data          0x0000000000118860       0x60 binaries/evec.o
                0x0000000000118860                lapic
                0x0000000000118880                inames
 .data          0x00000000001188c0        0x0 binaries/exit.o
 .data          0x00000000001188c0        0x0 binaries/freebuf.o
 .data          0x00000000001188c0        0x0 binaries/freemem.o
 .data          0x00000000001188c0        0x0 binaries/getbuf.o
 .data          0x00000000001188c0        0x0 binaries/getc.o
 .data          0x00000000001188c0        0x0 binaries/getdev.o
 .data          0x00000000001188c0        0x0 binaries/getitem.o
 .data          0x00000000001188c0        0x0 binaries/getmem.o
 .data          0x00000000001188c0        0x0 binaries/getpid.o
 .data          0x00000000001188c0        0x0 binaries/getprio.o
 .data          0x00000000001188c0        0x0 binaries/getstk.o
 .data          0x00000000001188c0        0x0 binaries/getticks.o
 .data          0x00000000001188c0        0x0 binaries/gettime.o
 .data          0x00000000001188c0        0x0 binaries/getutime.o
 .data          0x00000000001188c0        0x0 binaries/init.o
 .data          0x00000000001188c0        0x0 binaries/initialize.o
 .data          0x00000000001188c0        0x0 binaries/insert.o
 .data          0x00000000001188c0        0x0 binaries/insertd.o
 .data          0x00000000001188c0        0x0 binaries/ioerr.o
 .data          0x00000000001188c0        0x0 binaries/ionull.o
 .data          0x00000000001188c0        0x0 binaries/kill.o
 .data          0x00000000001188c0        0x0 binaries/kprintf.o
 .data          0x00000000001188c0        0x0 binaries/main.o
 .data          0x00000000001188c0        0x0 binaries/mark.o
 .data          0x00000000001188c0       0x40 binaries/meminit.o
                0x00000000001188c0                bootsign
                0x00000000001188c4                bootinfo
                0x00000000001188e0                gdt_copy
 .data          0x0000000000118900        0x0 binaries/mkbufpool.o
 .data          0x0000000000118900        0x2 binaries/newqueue.o
 .data          0x0000000000118902        0x0 binaries/open.o
 .data          0x0000000000118902        0x0 binaries/panic.o
 .data          0x0000000000118902        0x0 binaries/pci.o
 .data          0x0000000000118902        0x0 binaries/platinit.o
 .data          0x0000000000118902        0x0 binaries/ptclear.o
 .data          0x0000000000118902        0x0 binaries/ptcount.o
 .data          0x0000000000118902        0x0 binaries/ptcreate.o
 .data          0x0000000000118902        0x0 binaries/ptdelete.o
 .data          0x0000000000118902        0x0 binaries/ptinit.o
 .data          0x0000000000118902        0x0 binaries/ptrecv.o
 .data          0x0000000000118902        0x0 binaries/ptreset.o
 .data          0x0000000000118902        0x0 binaries/ptsend.o
 .data          0x0000000000118902        0x0 binaries/putc.o
 .data          0x0000000000118902        0x0 binaries/quark_irq.o
 .data          0x0000000000118902        0x0 binaries/quark_pdat.o
 .data          0x0000000000118902        0x0 binaries/queue.o
 .data          0x0000000000118902        0x0 binaries/read.o
 .data          0x0000000000118902        0x0 binaries/ready.o
 .data          0x0000000000118902        0x0 binaries/receive.o
 .data          0x0000000000118902        0x0 binaries/recvclr.o
[...]
 .comment       0x0000000000000034       0x35 binaries/lexan.o
 .comment       0x0000000000000034       0x35 binaries/shell.o
 .comment       0x0000000000000034       0x35 binaries/xsh_argecho.o
 .comment       0x0000000000000034       0x35 binaries/xsh_arp.o
 .comment       0x0000000000000034       0x35 binaries/xsh_cat.o
 .comment       0x0000000000000034       0x35 binaries/xsh_clear.o
 .comment       0x0000000000000034       0x35 binaries/xsh_date.o
 .comment       0x0000000000000034       0x35 binaries/xsh_devdump.o
 .comment       0x0000000000000034       0x35 binaries/xsh_echo.o
 .comment       0x0000000000000034       0x35 binaries/xsh_exit.o
 .comment       0x0000000000000034       0x35 binaries/xsh_help.o
 .comment       0x0000000000000034       0x35 binaries/xsh_kill.o
 .comment       0x0000000000000034       0x35 binaries/xsh_memdump.o
 .comment       0x0000000000000034       0x35 binaries/xsh_memstat.o
 .comment       0x0000000000000034       0x35 binaries/xsh_netinfo.o
 .comment       0x0000000000000034       0x35 binaries/xsh_pdump.o
 .comment       0x0000000000000034       0x35 binaries/xsh_ping.o
 .comment       0x0000000000000034       0x35 binaries/xsh_ps.o
 .comment       0x0000000000000034       0x35 binaries/xsh_sendpkt.o
 .comment       0x0000000000000034       0x35 binaries/xsh_sleep.o
 .comment       0x0000000000000034       0x35 binaries/xsh_sp.o
 .comment       0x0000000000000034       0x35 binaries/xsh_udpdump.o
 .comment       0x0000000000000034       0x35 binaries/xsh_udpecho.o
 .comment       0x0000000000000034       0x35 binaries/xsh_udpserver.o
 .comment       0x0000000000000034       0x35 binaries/xsh_uptime.o

.note.GNU-stack
                0x0000000000000000        0x0
 .note.GNU-stack
                0x0000000000000000        0x0 binaries/ascdate.o
 .note.GNU-stack
                0x0000000000000000        0x0 binaries/bufinit.o
 .note.GNU-stack
                0x0000000000000000        0x0 binaries/checksum6.o
 .note.GNU-stack
                0x0000000000000000        0x0 binaries/chprio.o
 .note.GNU-stack
                0x0000000000000000        0x0 binaries/clkhandler.o
 .note.GNU-stack
                0x0000000000000000        0x0 binaries/clkinit.o
 .note.GNU-stack
                0x0000000000000000        0x0 binaries/close.o
 .note.GNU-stack
                0x0000000000000000        0x0 binaries/conf.o
 .note.GNU-stack
                0x0000000000000000        0x0 binaries/control.o
 .note.GNU-stack
                0x0000000000000000        0x0 binaries/create.o
 .note.GNU-stack
                0x0000000000000000        0x0 binaries/early_imr.o
 .note.GNU-stack
                0x0000000000000000        0x0 binaries/evec.o
 .note.GNU-stack
                0x0000000000000000        0x0 binaries/exit.o
 .note.GNU-stack
                0x0000000000000000        0x0 binaries/freebuf.o
 .note.GNU-stack
                0x0000000000000000        0x0 binaries/freemem.o
 .note.GNU-stack
                0x0000000000000000        0x0 binaries/getbuf.o
 .note.GNU-stack
                0x0000000000000000        0x0 binaries/getc.o
 .note.GNU-stack
                0x0000000000000000        0x0 binaries/getdev.o
 .note.GNU-stack
                0x0000000000000000        0x0 binaries/getitem.o
 .note.GNU-stack
                0x0000000000000000        0x0 binaries/getmem.o
 .note.GNU-stack
                0x0000000000000000        0x0 binaries/getpid.o
 .note.GNU-stack
                0x0000000000000000        0x0 binaries/getprio.o
 .note.GNU-stack
                0x0000000000000000        0x0 binaries/getstk.o
 .note.GNU-stack
                0x0000000000000000        0x0 binaries/getticks.o
 .note.GNU-stack
                0x0000000000000000        0x0 binaries/gettime.o
 .note.GNU-stack
                0x0000000000000000        0x0 binaries/getutime.o
 .note.GNU-stack
                0x0000000000000000        0x0 binaries/init.o
 .note.GNU-stack
                0x0000000000000000        0x0 binaries/initialize.o
 .note.GNU-stack
                0x0000000000000000        0x0 binaries/insert.o
 .note.GNU-stack
                0x0000000000000000        0x0 binaries/insertd.o
 .note.GNU-stack
                0x0000000000000000        0x0 binaries/ioerr.o
 .note.GNU-stack
                0x0000000000000000        0x0 binaries/ionull.o
 .note.GNU-stack
                0x0000000000000000        0x0 binaries/kill.o
 .note.GNU-stack
                0x0000000000000000        0x0 binaries/kprintf.o
 .note.GNU-stack
                0x0000000000000000        0x0 binaries/main.o
 .note.GNU-stack
                0x0000000000000000        0x0 binaries/mark.o
 .note.GNU-stack
                0x0000000000000000        0x0 binaries/meminit.o
 .note.GNU-stack
                0x0000000000000000        0x0 binaries/mkbufpool.o
 .note.GNU-stack
                0x0000000000000000        0x0 binaries/newqueue.o
 .note.GNU-stack
                0x0000000000000000        0x0 binaries/open.o
 .note.GNU-stack
                0x0000000000000000        0x0 binaries/panic.o
 .note.GNU-stack
                0x0000000000000000        0x0 binaries/pci.o
 .note.GNU-stack
                0x0000000000000000        0x0 binaries/platinit.o
 .note.GNU-stack
                0x0000000000000000        0x0 binaries/ptclear.o
 .note.GNU-stack
                0x0000000000000000        0x0 binaries/ptcount.o
 .note.GNU-stack
                0x0000000000000000        0x0 binaries/ptcreate.o
 .note.GNU-stack
                0x0000000000000000        0x0 binaries/ptdelete.o
 .note.GNU-stack
                0x0000000000000000        0x0 binaries/ptinit.o
 .note.GNU-stack
                0x0000000000000000        0x0 binaries/ptrecv.o
 .note.GNU-stack
                0x0000000000000000        0x0 binaries/ptreset.o
 .note.GNU-stack
                0x0000000000000000        0x0 binaries/ptsend.o
 .note.GNU-stack
                0x0000000000000000        0x0 binaries/putc.o
 .note.GNU-stack
                0x0000000000000000        0x0 binaries/quark_irq.o
 .note.GNU-stack
                0x0000000000000000        0x0 binaries/quark_pdat.o
 .note.GNU-stack
                0x0000000000000000        0x0 binaries/queue.o
 .note.GNU-stack
                0x0000000000000000        0x0 binaries/read.o
 .note.GNU-stack
                0x0000000000000000        0x0 binaries/ready.o
 .note.GNU-stack
                0x0000000000000000        0x0 binaries/receive.o
 .note.GNU-stack
                0x0000000000000000        0x0 binaries/recvclr.o
 .note.GNU-stack
                0x0000000000000000        0x0 binaries/recvtime.o
 .note.GNU-stack
                0x0000000000000000        0x0 binaries/resched.o
 .note.GNU-stack
                0x0000000000000000        0x0 binaries/resume.o
 .note.GNU-stack
                0x0000000000000000        0x0 binaries/seek.o
 .note.GNU-stack
                0x0000000000000000        0x0 binaries/semcount.o
 .note.GNU-stack
                0x0000000000000000        0x0 binaries/semcreate.o
 .note.GNU-stack
                0x0000000000000000        0x0 binaries/semdelete.o
 .note.GNU-stack
                0x0000000000000000        0x0 binaries/semreset.o
 .note.GNU-stack
                0x0000000000000000        0x0 binaries/send.o
 .note.GNU-stack
                0x0000000000000000        0x0 binaries/signal.o
 .note.GNU-stack
                0x0000000000000000        0x0 binaries/signaln.o
 .note.GNU-stack
                0x0000000000000000        0x0 binaries/sleep.o
 .note.GNU-stack
                0x0000000000000000        0x0 binaries/stacktrace.o
 .note.GNU-stack
                0x0000000000000000        0x0 binaries/suspend.o
 .note.GNU-stack
                0x0000000000000000        0x0 binaries/unsleep.o
 .note.GNU-stack
                0x0000000000000000        0x0 binaries/userret.o
 .note.GNU-stack
                0x0000000000000000        0x0 binaries/wait.o
 .note.GNU-stack
                0x0000000000000000        0x0 binaries/wakeup.o
 .note.GNU-stack
                0x0000000000000000        0x0 binaries/write.o
 .note.GNU-stack
                0x0000000000000000        0x0 binaries/xdone.o
 .note.GNU-stack
                0x0000000000000000        0x0 binaries/yield.o
 .note.GNU-stack
                0x0000000000000000        0x0 binaries/abs.o
 .note.GNU-stack
                0x0000000000000000        0x0 binaries/atoi.o
 .note.GNU-stack
                0x0000000000000000        0x0 binaries/atol.o
 .note.GNU-stack
                0x0000000000000000        0x0 binaries/bzero.o
 .note.GNU-stack
                0x0000000000000000        0x0 binaries/ctype_.o
 .note.GNU-stack
                0x0000000000000000        0x0 binaries/doprnt.o
 .note.GNU-stack
                0x0000000000000000        0x0 binaries/doscan.o
 .note.GNU-stack
                0x0000000000000000        0x0 binaries/fdoprnt.o
 .note.GNU-stack
                0x0000000000000000        0x0 binaries/fgetc.o
 .note.GNU-stack
                0x0000000000000000        0x0 binaries/fgets.o
 .note.GNU-stack
                0x0000000000000000        0x0 binaries/fprintf.o
 .note.GNU-stack
                0x0000000000000000        0x0 binaries/fputc.o
 .note.GNU-stack
                0x0000000000000000        0x0 binaries/fputs.o
 .note.GNU-stack
                0x0000000000000000        0x0 binaries/fscanf.o
 .note.GNU-stack
                0x0000000000000000        0x0 binaries/getchar.o
 .note.GNU-stack
                0x0000000000000000        0x0 binaries/labs.o
 .note.GNU-stack
                0x0000000000000000        0x0 binaries/memchr.o
 .note.GNU-stack
                0x0000000000000000        0x0 binaries/memcmp.o
 .note.GNU-stack
                0x0000000000000000        0x0 binaries/memcpy.o
 .note.GNU-stack
                0x0000000000000000        0x0 binaries/memset.o
 .note.GNU-stack
                0x0000000000000000        0x0 binaries/printf.o
 .note.GNU-stack
                0x0000000000000000        0x0 binaries/putchar.o
 .note.GNU-stack
                0x0000000000000000        0x0 binaries/qsort.o
 .note.GNU-stack
                0x0000000000000000        0x0 binaries/rand.o
 .note.GNU-stack
                0x0000000000000000        0x0 binaries/sprintf.o
 .note.GNU-stack
                0x0000000000000000        0x0 binaries/sscanf.o
 .note.GNU-stack
                0x0000000000000000        0x0 binaries/strchr.o
 .note.GNU-stack
                0x0000000000000000        0x0 binaries/strcmp.o
 .note.GNU-stack
                0x0000000000000000        0x0 binaries/strcpy.o
 .note.GNU-stack
                0x0000000000000000        0x0 binaries/strlen.o
 .note.GNU-stack
                0x0000000000000000        0x0 binaries/strncat.o
 .note.GNU-stack
                0x0000000000000000        0x0 binaries/strncmp.o
 .note.GNU-stack
                0x0000000000000000        0x0 binaries/strncpy.o
 .note.GNU-stack
                0x0000000000000000        0x0 binaries/strnlen.o
 .note.GNU-stack
                0x0000000000000000        0x0 binaries/strrchr.o
 .note.GNU-stack
                0x0000000000000000        0x0 binaries/strstr.o
 .note.GNU-stack
                0x0000000000000000        0x0 binaries/ttycontrol.o
 .note.GNU-stack
                0x0000000000000000        0x0 binaries/ttygetc.o
 .note.GNU-stack
                0x0000000000000000        0x0 binaries/ttyhandle_in.o
 .note.GNU-stack
                0x0000000000000000        0x0 binaries/ttyhandle_out.o
 .note.GNU-stack
                0x0000000000000000        0x0 binaries/ttyhandler.o
 .note.GNU-stack
                0x0000000000000000        0x0 binaries/ttyinit.o
 .note.GNU-stack
                0x0000000000000000        0x0 binaries/ttykickout.o
 .note.GNU-stack
                0x0000000000000000        0x0 binaries/ttyputc.o
 .note.GNU-stack
                0x0000000000000000        0x0 binaries/ttyread.o
 .note.GNU-stack
                0x0000000000000000        0x0 binaries/ttywrite.o
 .note.GNU-stack
                0x0000000000000000        0x0 binaries/mount.o
 .note.GNU-stack
                0x0000000000000000        0x0 binaries/naminit.o
 .note.GNU-stack
                0x0000000000000000        0x0 binaries/nammap.o
 .note.GNU-stack
                0x0000000000000000        0x0 binaries/namopen.o
 .note.GNU-stack
                0x0000000000000000        0x0 binaries/ethcontrol.o
 .note.GNU-stack
                0x0000000000000000        0x0 binaries/ethhandler.o
 .note.GNU-stack
                0x0000000000000000        0x0 binaries/ethinit.o
 .note.GNU-stack
                0x0000000000000000        0x0 binaries/ethmcast.o
 .note.GNU-stack
                0x0000000000000000        0x0 binaries/ethread.o
 .note.GNU-stack
                0x0000000000000000        0x0 binaries/ethwrite.o
 .note.GNU-stack
                0x0000000000000000        0x0 binaries/rdsbufalloc.o
 .note.GNU-stack
                0x0000000000000000        0x0 binaries/rdsclose.o
 .note.GNU-stack
                0x0000000000000000        0x0 binaries/rdscomm.o
 .note.GNU-stack
                0x0000000000000000        0x0 binaries/rdscontrol.o
 .note.GNU-stack
                0x0000000000000000        0x0 binaries/rdsinit.o
 .note.GNU-stack
                0x0000000000000000        0x0 binaries/rdsopen.o
 .note.GNU-stack
                0x0000000000000000        0x0 binaries/rdsprocess.o
 .note.GNU-stack
                0x0000000000000000        0x0 binaries/rdsread.o
 .note.GNU-stack
                0x0000000000000000        0x0 binaries/rdswrite.o
 .note.GNU-stack
                0x0000000000000000        0x0 binaries/ramclose.o
 .note.GNU-stack
                0x0000000000000000        0x0 binaries/raminit.o
 .note.GNU-stack
                0x0000000000000000        0x0 binaries/ramopen.o
 .note.GNU-stack
                0x0000000000000000        0x0 binaries/ramread.o
 .note.GNU-stack
                0x0000000000000000        0x0 binaries/ramwrite.o
 .note.GNU-stack
                0x0000000000000000        0x0 binaries/lfdballoc.o
 .note.GNU-stack
                0x0000000000000000        0x0 binaries/lfdbfree.o
 .note.GNU-stack
                0x0000000000000000        0x0 binaries/lfflush.o
 .note.GNU-stack
                0x0000000000000000        0x0 binaries/lfgetmode.o
 .note.GNU-stack
                0x0000000000000000        0x0 binaries/lfiballoc.o
 .note.GNU-stack
                0x0000000000000000        0x0 binaries/lfibclear.o
 .note.GNU-stack
                0x0000000000000000        0x0 binaries/lfibget.o
 .note.GNU-stack
                0x0000000000000000        0x0 binaries/lfibput.o
 .note.GNU-stack
                0x0000000000000000        0x0 binaries/lflclose.o
 .note.GNU-stack
                0x0000000000000000        0x0 binaries/lflcontrol.o
 .note.GNU-stack
                0x0000000000000000        0x0 binaries/lflgetc.o
 .note.GNU-stack
                0x0000000000000000        0x0 binaries/lflinit.o
 .note.GNU-stack
                0x0000000000000000        0x0 binaries/lflputc.o
 .note.GNU-stack
                0x0000000000000000        0x0 binaries/lflread.o
 .note.GNU-stack
                0x0000000000000000        0x0 binaries/lflseek.o
 .note.GNU-stack
                0x0000000000000000        0x0 binaries/lflwrite.o
 .note.GNU-stack
                0x0000000000000000        0x0 binaries/lfscheck.o
 .note.GNU-stack
                0x0000000000000000        0x0 binaries/lfsckfmt.o
 .note.GNU-stack
                0x0000000000000000        0x0 binaries/lfscreate.o
 .note.GNU-stack
                0x0000000000000000        0x0 binaries/lfsetup.o
 .note.GNU-stack
                0x0000000000000000        0x0 binaries/lfsinit.o
 .note.GNU-stack
                0x0000000000000000        0x0 binaries/lfsopen.o
 .note.GNU-stack
                0x0000000000000000        0x0 binaries/lftruncate.o
 .note.GNU-stack
                0x0000000000000000        0x0 binaries/rflclose.o
 .note.GNU-stack
                0x0000000000000000        0x0 binaries/rflgetc.o
 .note.GNU-stack
                0x0000000000000000        0x0 binaries/rflinit.o
 .note.GNU-stack
                0x0000000000000000        0x0 binaries/rflputc.o
 .note.GNU-stack
                0x0000000000000000        0x0 binaries/rflread.o
 .note.GNU-stack
                0x0000000000000000        0x0 binaries/rflseek.o
 .note.GNU-stack
                0x0000000000000000        0x0 binaries/rflwrite.o
 .note.GNU-stack
                0x0000000000000000        0x0 binaries/rfscomm.o
 .note.GNU-stack
                0x0000000000000000        0x0 binaries/rfscontrol.o
 .note.GNU-stack
                0x0000000000000000        0x0 binaries/rfsgetmode.o
 .note.GNU-stack
                0x0000000000000000        0x0 binaries/rfsinit.o
 .note.GNU-stack
                0x0000000000000000        0x0 binaries/rfsndmsg.o
 .note.GNU-stack
                0x0000000000000000        0x0 binaries/rfsopen.o
 .note.GNU-stack
                0x0000000000000000        0x0 binaries/bootipv6.o
 .note.GNU-stack
                0x0000000000000000        0x0 binaries/dns.o
 .note.GNU-stack
                0x0000000000000000        0x0 binaries/dot2ip.o
 .note.GNU-stack
                0x0000000000000000        0x0 binaries/hexdump.o
 .note.GNU-stack
                0x0000000000000000        0x0 binaries/ipv6.o
 .note.GNU-stack
                0x0000000000000000        0x0 binaries/net.o
 .note.GNU-stack
                0x0000000000000000        0x0 binaries/pdump.o
 .note.GNU-stack
                0x0000000000000000        0x0 binaries/print6.o
 .note.GNU-stack
                0x0000000000000000        0x0 binaries/sendipv6pkt.o
 .note.GNU-stack
                0x0000000000000000        0x0 binaries/udp.o
 .note.GNU-stack
                0x0000000000000000        0x0 binaries/addargs.o
 .note.GNU-stack
                0x0000000000000000        0x0 binaries/lexan.o
 .note.GNU-stack
                0x0000000000000000        0x0 binaries/shell.o
 .note.GNU-stack
                0x0000000000000000        0x0 binaries/xsh_argecho.o
 .note.GNU-stack
                0x0000000000000000        0x0 binaries/xsh_arp.o
 .note.GNU-stack
                0x0000000000000000        0x0 binaries/xsh_cat.o
 .note.GNU-stack
                0x0000000000000000        0x0 binaries/xsh_clear.o
 .note.GNU-stack
                0x0000000000000000        0x0 binaries/xsh_date.o
 .note.GNU-stack
                0x0000000000000000        0x0 binaries/xsh_devdump.o
 .note.GNU-stack
                0x0000000000000000        0x0 binaries/xsh_echo.o
 .note.GNU-stack
                0x0000000000000000        0x0 binaries/xsh_exit.o
 .note.GNU-stack
                0x0000000000000000        0x0 binaries/xsh_help.o
 .note.GNU-stack
                0x0000000000000000        0x0 binaries/xsh_kill.o
 .note.GNU-stack
                0x0000000000000000        0x0 binaries/xsh_memdump.o
 .note.GNU-stack
                0x0000000000000000        0x0 binaries/xsh_memstat.o
 .note.GNU-stack
                0x0000000000000000        0x0 binaries/xsh_netinfo.o
 .note.GNU-stack
                0x0000000000000000        0x0 binaries/xsh_pdump.o
 .note.GNU-stack
                0x0000000000000000        0x0 binaries/xsh_ping.o
 .note.GNU-stack
                0x0000000000000000        0x0 binaries/xsh_ps.o
 .note.GNU-stack
                0x0000000000000000        0x0 binaries/xsh_sendpkt.o
 .note.GNU-stack
                0x0000000000000000        0x0 binaries/xsh_sleep.o
 .note.GNU-stack
                0x0000000000000000        0x0 binaries/xsh_sp.o
 .note.GNU-stack
                0x0000000000000000        0x0 binaries/xsh_udpdump.o
 .note.GNU-stack
                0x0000000000000000        0x0 binaries/xsh_udpecho.o
 .note.GNU-stack
                0x0000000000000000        0x0 binaries/xsh_udpserver.o
 .note.GNU-stack
                0x0000000000000000        0x0 binaries/xsh_uptime.o
